================================================================================
 FRONTIER ENGINE DIAGNOSTIC LOG — RaceSessionLog
================================================================================
[2026-09-02 16:52:03.001] [   INFO] [   GameLifecycle] Launching Project-F20 session...
[2026-09-02 16:52:03.157] [   INFO] [   GameLifecycle] Game launched successfully. Starting race simulation.
[2026-09-02 16:52:03.201] [   INFO] [TelemetryMetrics] Measurement: SpeedKph = 0.376957 [km/h]
[2026-09-02 16:52:03.201] [   INFO] [TelemetryMetrics] Measurement: EngineRpm = 1010.1 [RPM]
[2026-09-02 16:52:03.226] [   INFO] [TelemetryMetrics] Measurement: SpeedKph = 0.753913 [km/h]
[2026-09-02 16:52:03.226] [   INFO] [TelemetryMetrics] Measurement: EngineRpm = 1020.19 [RPM]
[2026-09-02 16:52:03.253] [   INFO] [TelemetryMetrics] Measurement: SpeedKph = 1.13087 [km/h]
[2026-09-02 16:52:03.253] [   INFO] [TelemetryMetrics] Measurement: EngineRpm = 1030.29 [RPM]
[2026-09-02 16:52:03.289] [   INFO] [TelemetryMetrics] Measurement: SpeedKph = 1.50782 [km/h]
[2026-09-02 16:52:03.289] [   INFO] [TelemetryMetrics] Measurement: EngineRpm = 1040.39 [RPM]
[2026-09-02 16:52:03.337] [   INFO] [TelemetryMetrics] Measurement: SpeedKph = 1.88478 [km/h]
[2026-09-02 16:52:03.337] [   INFO] [TelemetryMetrics] Measurement: EngineRpm = 1050.49 [RPM]
[2026-09-02 16:52:03.386] [   INFO] [TelemetryMetrics] Measurement: SpeedKph = 2.26173 [km/h]
[2026-09-02 16:52:03.386] [   INFO] [TelemetryMetrics] Measurement: EngineRpm = 1060.58 [RPM]
[2026-09-02 16:52:03.434] [   INFO] [TelemetryMetrics] Measurement: SpeedKph = 2.63867 [km/h]
[2026-09-02 16:52:03.434] [   INFO] [TelemetryMetrics] Measurement: EngineRpm = 1070.68 [RPM]
[2026-09-02 16:52:03.482] [   INFO] [TelemetryMetrics] Measurement: SpeedKph = 3.01562 [km/h]
[2026-09-02 16:52:03.482] [   INFO] [TelemetryMetrics] Measurement: EngineRpm = 1080.78 [RPM]
[2026-09-02 16:52:03.530] [   INFO] [TelemetryMetrics] Measurement: SpeedKph = 3.39256 [km/h]
[2026-09-02 16:52:03.530] [   INFO] [TelemetryMetrics] Measurement: EngineRpm = 1090.87 [RPM]
[2026-09-02 16:52:03.572] [   INFO] [TelemetryMetrics] Measurement: SpeedKph = 3.7695 [km/h]
[2026-09-02 16:52:03.572] [   INFO] [TelemetryMetrics] Measurement: EngineRpm = 1100.97 [RPM]
[2026-09-02 16:52:03.572] [   INFO] [   GameLifecycle] Race session completed successfully.
