================================================================================
   PROJECT-ZERO — SHOWCASE, THE DEFAULT LEVEL, CPU RENDER OF THE VULKAN SCENE   
================================================================================
[material-level] interface panel: 14 figures composed (5 illuminant contributors), light rgb (0.141 0.012 0.048), 26% coverage, gain 120 — proxy quad and luminaire registered by the engine
[material-level] level: 405028 triangles, 415 material records (415 slabs), 4490 emissive triangles
[material-level] sky: sun hour 13.00, sun dir render (-0.496 0.868 0.012), fog clear
[material-level] sun pick: 0.950 power-proportional (was the fixed 0.5 coin)
[material-level] view 'grid400': eye (0.00 -9.00 42.00), pitch -62.0°, yaw 0.0°, FoV 44°, 512x512 @ 1 spp, 6 bounces, 32 frames, RESTIR DI (CPU mirror), à-trous
[material-level] estimator: the kernel's DI block on the CPU — RIS candidates, temporal + spatial reuse (25° / 10 % validation, 20× M-clamp, pairwise MIS), visibility re-trace; indirect from the same BSDF-sampled bounce.
[film]   frame   1: running mean reprojected on 0.0% of surface pixels (0.0% of those to a moved texel), 0.0% restarted on disocclusion, 0 samples behind the mean
[restir] frame   1: 258560 surface pixels, reservoirs on 100.0% of them, mean M 1.0 (max M 1), shaded M 3.6, occluded selections 68.7%, 0 bad samples
[restir gi] frame   1: indirect pool on 22.2% of surface pixels, mean M 0.2, shaded M 1.4, occluded selections 89.0%
[restir] D10 identity: 0 film reads + 0 DI merges + 0 GI merges agreed on normal+depth and belonged to a DIFFERENT surface (0 of the reads showed a different MATERIAL) — refused (identity validation ON)
[film]   frame   2: running mean reprojected on 0.0% of surface pixels (0.0% of those to a moved texel), 0.0% restarted on disocclusion, 0 samples behind the mean
[restir] frame   2: 258560 surface pixels, reservoirs on 100.0% of them, mean M 1.7 (max M 2), shaded M 6.7, occluded selections 67.8%, 0 bad samples
[restir gi] frame   2: indirect pool on 22.3% of surface pixels, mean M 0.3, shaded M 2.0, occluded selections 88.4%
[restir] D10 identity: 1574 film reads + 1540 DI merges + 85 GI merges agreed on normal+depth and belonged to a DIFFERENT surface (1574 of the reads showed a different MATERIAL) — refused (identity validation ON)
[film]   frame   3: running mean reprojected on 0.0% of surface pixels (0.0% of those to a moved texel), 0.0% restarted on disocclusion, 0 samples behind the mean
[restir] frame   3: 258048 surface pixels, reservoirs on 100.0% of them, mean M 2.4 (max M 3), shaded M 9.6, occluded selections 67.3%, 0 bad samples
[restir gi] frame   3: indirect pool on 22.4% of surface pixels, mean M 0.3, shaded M 2.3, occluded selections 88.6%
[restir] D10 identity: 3893 film reads + 5343 DI merges + 236 GI merges agreed on normal+depth and belonged to a DIFFERENT surface (3893 of the reads showed a different MATERIAL) — refused (identity validation ON)
[film]   frame   4: running mean reprojected on 0.0% of surface pixels (0.0% of those to a moved texel), 0.0% restarted on disocclusion, 0 samples behind the mean
[restir] frame   4: 258560 surface pixels, reservoirs on 100.0% of them, mean M 3.0 (max M 4), shaded M 12.4, occluded selections 66.5%, 0 bad samples
[restir gi] frame   4: indirect pool on 22.3% of surface pixels, mean M 0.3, shaded M 2.5, occluded selections 88.5%
[restir] D10 identity: 3971 film reads + 9215 DI merges + 422 GI merges agreed on normal+depth and belonged to a DIFFERENT surface (3971 of the reads showed a different MATERIAL) — refused (identity validation ON)
[film]   frame   5: running mean reprojected on 0.0% of surface pixels (0.0% of those to a moved texel), 0.0% restarted on disocclusion, 0 samples behind the mean
[restir] frame   5: 258560 surface pixels, reservoirs on 100.0% of them, mean M 3.7 (max M 5), shaded M 15.2, occluded selections 65.8%, 0 bad samples
[restir gi] frame   5: indirect pool on 22.2% of surface pixels, mean M 0.3, shaded M 2.7, occluded selections 88.8%
[restir] D10 identity: 3000 film reads + 12148 DI merges + 559 GI merges agreed on normal+depth and belonged to a DIFFERENT surface (3000 of the reads showed a different MATERIAL) — refused (identity validation ON)
[film]   frame   6: running mean reprojected on 0.0% of surface pixels (0.0% of those to a moved texel), 0.0% restarted on disocclusion, 0 samples behind the mean
[restir] frame   6: 258560 surface pixels, reservoirs on 100.0% of them, mean M 4.3 (max M 6), shaded M 17.9, occluded selections 65.2%, 0 bad samples
[restir gi] frame   6: indirect pool on 22.2% of surface pixels, mean M 0.3, shaded M 2.9, occluded selections 88.7%
[restir] D10 identity: 2567 film reads + 14654 DI merges + 662 GI merges agreed on normal+depth and belonged to a DIFFERENT surface (2567 of the reads showed a different MATERIAL) — refused (identity validation ON)
[film]   frame   7: running mean reprojected on 0.0% of surface pixels (0.0% of those to a moved texel), 0.0% restarted on disocclusion, 0 samples behind the mean
[restir] frame   7: 258560 surface pixels, reservoirs on 100.0% of them, mean M 4.9 (max M 7), shaded M 20.6, occluded selections 64.8%, 0 bad samples
[restir gi] frame   7: indirect pool on 22.2% of surface pixels, mean M 0.3, shaded M 3.0, occluded selections 88.8%
[restir] D10 identity: 3174 film reads + 17751 DI merges + 788 GI merges agreed on normal+depth and belonged to a DIFFERENT surface (3174 of the reads showed a different MATERIAL) — refused (identity validation ON)
[film]   frame   8: running mean reprojected on 0.0% of surface pixels (0.0% of those to a moved texel), 0.0% restarted on disocclusion, 0 samples behind the mean
[restir] frame   8: 258560 surface pixels, reservoirs on 100.0% of them, mean M 5.5 (max M 8), shaded M 22.9, occluded selections 64.4%, 0 bad samples
[restir gi] frame   8: indirect pool on 22.3% of surface pixels, mean M 0.3, shaded M 3.0, occluded selections 88.7%
[restir] D10 identity: 5153 film reads + 22790 DI merges + 1012 GI merges agreed on normal+depth and belonged to a DIFFERENT surface (5153 of the reads showed a different MATERIAL) — refused (identity validation ON)
[film]   frame   9: running mean reprojected on 0.0% of surface pixels (0.0% of those to a moved texel), 0.0% restarted on disocclusion, 0 samples behind the mean
[restir] frame   9: 258048 surface pixels, reservoirs on 100.0% of them, mean M 6.0 (max M 9), shaded M 25.3, occluded selections 64.1%, 0 bad samples
[restir gi] frame   9: indirect pool on 22.3% of surface pixels, mean M 0.3, shaded M 3.1, occluded selections 88.6%
[restir] D10 identity: 5023 film reads + 27708 DI merges + 1206 GI merges agreed on normal+depth and belonged to a DIFFERENT surface (5023 of the reads showed a different MATERIAL) — refused (identity validation ON)
[film]   frame  10: running mean reprojected on 0.0% of surface pixels (0.0% of those to a moved texel), 0.0% restarted on disocclusion, 0 samples behind the mean
[restir] frame  10: 258560 surface pixels, reservoirs on 100.0% of them, mean M 6.7 (max M 10), shaded M 28.0, occluded selections 63.6%, 0 bad samples
[restir gi] frame  10: indirect pool on 22.3% of surface pixels, mean M 0.4, shaded M 3.3, occluded selections 88.6%
[restir] D10 identity: 1596 film reads + 29270 DI merges + 1282 GI merges agreed on normal+depth and belonged to a DIFFERENT surface (1596 of the reads showed a different MATERIAL) — refused (identity validation ON)
[film]   frame  11: running mean reprojected on 0.0% of surface pixels (0.0% of those to a moved texel), 0.0% restarted on disocclusion, 0 samples behind the mean
[restir] frame  11: 258560 surface pixels, reservoirs on 100.0% of them, mean M 7.2 (max M 11), shaded M 30.4, occluded selections 63.3%, 0 bad samples
[restir gi] frame  11: indirect pool on 22.2% of surface pixels, mean M 0.4, shaded M 3.4, occluded selections 88.5%
[restir] D10 identity: 3108 film reads + 32318 DI merges + 1403 GI merges agreed on normal+depth and belonged to a DIFFERENT surface (3108 of the reads showed a different MATERIAL) — refused (identity validation ON)
[film]   frame  12: running mean reprojected on 0.0% of surface pixels (0.0% of those to a moved texel), 0.0% restarted on disocclusion, 0 samples behind the mean
[restir] frame  12: 258048 surface pixels, reservoirs on 100.0% of them, mean M 7.7 (max M 12), shaded M 32.5, occluded selections 63.0%, 0 bad samples
[restir gi] frame  12: indirect pool on 22.3% of surface pixels, mean M 0.4, shaded M 3.5, occluded selections 88.6%
[restir] D10 identity: 4588 film reads + 36812 DI merges + 1582 GI merges agreed on normal+depth and belonged to a DIFFERENT surface (4588 of the reads showed a different MATERIAL) — refused (identity validation ON)
[film]   frame  13: running mean reprojected on 0.0% of surface pixels (0.0% of those to a moved texel), 0.0% restarted on disocclusion, 0 samples behind the mean
[restir] frame  13: 258560 surface pixels, reservoirs on 100.0% of them, mean M 8.3 (max M 13), shaded M 35.2, occluded selections 62.6%, 0 bad samples
[restir gi] frame  13: indirect pool on 22.3% of surface pixels, mean M 0.4, shaded M 3.6, occluded selections 88.4%
[restir] D10 identity: 3112 film reads + 39864 DI merges + 1725 GI merges agreed on normal+depth and belonged to a DIFFERENT surface (3112 of the reads showed a different MATERIAL) — refused (identity validation ON)
[film]   frame  14: running mean reprojected on 0.0% of surface pixels (0.0% of those to a moved texel), 0.0% restarted on disocclusion, 0 samples behind the mean
[restir] frame  14: 258560 surface pixels, reservoirs on 100.0% of them, mean M 8.8 (max M 14), shaded M 37.5, occluded selections 62.1%, 0 bad samples
[restir gi] frame  14: indirect pool on 22.3% of surface pixels, mean M 0.4, shaded M 3.7, occluded selections 88.5%
[restir] D10 identity: 1555 film reads + 41394 DI merges + 1792 GI merges agreed on normal+depth and belonged to a DIFFERENT surface (1555 of the reads showed a different MATERIAL) — refused (identity validation ON)
[film]   frame  15: running mean reprojected on 0.0% of surface pixels (0.0% of those to a moved texel), 0.0% restarted on disocclusion, 0 samples behind the mean
[restir] frame  15: 258560 surface pixels, reservoirs on 100.0% of them, mean M 9.3 (max M 15), shaded M 39.6, occluded selections 61.9%, 0 bad samples
[restir gi] frame  15: indirect pool on 22.2% of surface pixels, mean M 0.4, shaded M 3.7, occluded selections 88.4%
[restir] D10 identity: 3761 film reads + 45068 DI merges + 1927 GI merges agreed on normal+depth and belonged to a DIFFERENT surface (3761 of the reads showed a different MATERIAL) — refused (identity validation ON)
[film]   frame  16: running mean reprojected on 0.0% of surface pixels (0.0% of those to a moved texel), 0.0% restarted on disocclusion, 0 samples behind the mean
[restir] frame  16: 258560 surface pixels, reservoirs on 100.0% of them, mean M 9.8 (max M 16), shaded M 41.6, occluded selections 61.6%, 0 bad samples
[restir gi] frame  16: indirect pool on 22.3% of surface pixels, mean M 0.4, shaded M 3.7, occluded selections 88.6%
[restir] D10 identity: 5851 film reads + 50753 DI merges + 2183 GI merges agreed on normal+depth and belonged to a DIFFERENT surface (5851 of the reads showed a different MATERIAL) — refused (identity validation ON)
[film]   frame  17: running mean reprojected on 0.0% of surface pixels (0.0% of those to a moved texel), 0.0% restarted on disocclusion, 0 samples behind the mean
[restir] frame  17: 258560 surface pixels, reservoirs on 100.0% of them, mean M 10.3 (max M 17), shaded M 43.8, occluded selections 61.5%, 0 bad samples
[restir gi] frame  17: indirect pool on 22.4% of surface pixels, mean M 0.4, shaded M 3.8, occluded selections 88.6%
[restir] D10 identity: 3053 film reads + 53747 DI merges + 2331 GI merges agreed on normal+depth and belonged to a DIFFERENT surface (3053 of the reads showed a different MATERIAL) — refused (identity validation ON)
[film]   frame  18: running mean reprojected on 0.0% of surface pixels (0.0% of those to a moved texel), 0.0% restarted on disocclusion, 0 samples behind the mean
[restir] frame  18: 258048 surface pixels, reservoirs on 100.0% of them, mean M 10.7 (max M 18), shaded M 45.6, occluded selections 61.2%, 0 bad samples
[restir gi] frame  18: indirect pool on 22.3% of surface pixels, mean M 0.4, shaded M 3.8, occluded selections 88.6%
[restir] D10 identity: 4132 film reads + 57774 DI merges + 2445 GI merges agreed on normal+depth and belonged to a DIFFERENT surface (4132 of the reads showed a different MATERIAL) — refused (identity validation ON)
[film]   frame  19: running mean reprojected on 0.0% of surface pixels (0.0% of those to a moved texel), 0.0% restarted on disocclusion, 0 samples behind the mean
[restir] frame  19: 258560 surface pixels, reservoirs on 100.0% of them, mean M 11.2 (max M 19), shaded M 48.0, occluded selections 61.0%, 0 bad samples
[restir gi] frame  19: indirect pool on 22.2% of surface pixels, mean M 0.4, shaded M 3.9, occluded selections 88.6%
[restir] D10 identity: 3103 film reads + 60801 DI merges + 2599 GI merges agreed on normal+depth and belonged to a DIFFERENT surface (3103 of the reads showed a different MATERIAL) — refused (identity validation ON)
[film]   frame  20: running mean reprojected on 0.0% of surface pixels (0.0% of those to a moved texel), 0.0% restarted on disocclusion, 0 samples behind the mean
[restir] frame  20: 258560 surface pixels, reservoirs on 100.0% of them, mean M 11.7 (max M 20), shaded M 50.1, occluded selections 60.6%, 0 bad samples
[restir gi] frame  20: indirect pool on 22.3% of surface pixels, mean M 0.4, shaded M 4.0, occluded selections 88.4%
[restir] D10 identity: 3906 film reads + 64632 DI merges + 2769 GI merges agreed on normal+depth and belonged to a DIFFERENT surface (3906 of the reads showed a different MATERIAL) — refused (identity validation ON)
[film]   frame  21: running mean reprojected on 0.0% of surface pixels (0.0% of those to a moved texel), 0.0% restarted on disocclusion, 0 samples behind the mean
[restir] frame  21: 258048 surface pixels, reservoirs on 100.0% of them, mean M 12.2 (max M 21), shaded M 51.9, occluded selections 60.6%, 0 bad samples
[restir gi] frame  21: indirect pool on 22.3% of surface pixels, mean M 0.4, shaded M 4.0, occluded selections 88.7%
[restir] D10 identity: 3859 film reads + 68412 DI merges + 2936 GI merges agreed on normal+depth and belonged to a DIFFERENT surface (3859 of the reads showed a different MATERIAL) — refused (identity validation ON)
[film]   frame  22: running mean reprojected on 0.0% of surface pixels (0.0% of those to a moved texel), 0.0% restarted on disocclusion, 0 samples behind the mean
[restir] frame  22: 258560 surface pixels, reservoirs on 100.0% of them, mean M 12.3 (max M 21), shaded M 52.3, occluded selections 60.2%, 0 bad samples
[restir gi] frame  22: indirect pool on 22.4% of surface pixels, mean M 0.4, shaded M 4.2, occluded selections 88.4%
[restir] D10 identity: 1625 film reads + 69987 DI merges + 3014 GI merges agreed on normal+depth and belonged to a DIFFERENT surface (1625 of the reads showed a different MATERIAL) — refused (identity validation ON)
[film]   frame  23: running mean reprojected on 0.0% of surface pixels (0.0% of those to a moved texel), 0.0% restarted on disocclusion, 0 samples behind the mean
[restir] frame  23: 258560 surface pixels, reservoirs on 100.0% of them, mean M 12.1 (max M 21), shaded M 52.0, occluded selections 60.0%, 0 bad samples
[restir gi] frame  23: indirect pool on 22.3% of surface pixels, mean M 0.4, shaded M 4.0, occluded selections 88.3%
[restir] D10 identity: 3075 film reads + 72998 DI merges + 3163 GI merges agreed on normal+depth and belonged to a DIFFERENT surface (3075 of the reads showed a different MATERIAL) — refused (identity validation ON)
[film]   frame  24: running mean reprojected on 0.0% of surface pixels (0.0% of those to a moved texel), 0.0% restarted on disocclusion, 0 samples behind the mean
[restir] frame  24: 258560 surface pixels, reservoirs on 100.0% of them, mean M 12.1 (max M 21), shaded M 51.6, occluded selections 59.8%, 0 bad samples
[restir gi] frame  24: indirect pool on 22.4% of surface pixels, mean M 0.4, shaded M 4.0, occluded selections 88.3%
[restir] D10 identity: 5625 film reads + 78490 DI merges + 3416 GI merges agreed on normal+depth and belonged to a DIFFERENT surface (5625 of the reads showed a different MATERIAL) — refused (identity validation ON)
[film]   frame  25: running mean reprojected on 0.0% of surface pixels (0.0% of those to a moved texel), 0.0% restarted on disocclusion, 0 samples behind the mean
[restir] frame  25: 258560 surface pixels, reservoirs on 100.0% of them, mean M 12.1 (max M 21), shaded M 52.0, occluded selections 59.6%, 0 bad samples
[restir gi] frame  25: indirect pool on 22.2% of surface pixels, mean M 0.4, shaded M 4.1, occluded selections 88.4%
[restir] D10 identity: 3088 film reads + 81491 DI merges + 3582 GI merges agreed on normal+depth and belonged to a DIFFERENT surface (3088 of the reads showed a different MATERIAL) — refused (identity validation ON)
[film]   frame  26: running mean reprojected on 0.0% of surface pixels (0.0% of those to a moved texel), 0.0% restarted on disocclusion, 0 samples behind the mean
[restir] frame  26: 258560 surface pixels, reservoirs on 100.0% of them, mean M 12.2 (max M 21), shaded M 52.0, occluded selections 59.5%, 0 bad samples
[restir gi] frame  26: indirect pool on 22.3% of surface pixels, mean M 0.4, shaded M 4.1, occluded selections 88.3%
[restir] D10 identity: 1577 film reads + 83044 DI merges + 3660 GI merges agreed on normal+depth and belonged to a DIFFERENT surface (1577 of the reads showed a different MATERIAL) — refused (identity validation ON)
[film]   frame  27: running mean reprojected on 0.0% of surface pixels (0.0% of those to a moved texel), 0.0% restarted on disocclusion, 0 samples behind the mean
[restir] frame  27: 258048 surface pixels, reservoirs on 100.0% of them, mean M 12.0 (max M 21), shaded M 51.2, occluded selections 59.6%, 0 bad samples
[restir gi] frame  27: indirect pool on 22.4% of surface pixels, mean M 0.4, shaded M 3.8, occluded selections 88.0%
[restir] D10 identity: 5472 film reads + 88402 DI merges + 3860 GI merges agreed on normal+depth and belonged to a DIFFERENT surface (5472 of the reads showed a different MATERIAL) — refused (identity validation ON)
[film]   frame  28: running mean reprojected on 0.0% of surface pixels (0.0% of those to a moved texel), 0.0% restarted on disocclusion, 0 samples behind the mean
[restir] frame  28: 258560 surface pixels, reservoirs on 100.0% of them, mean M 12.1 (max M 21), shaded M 51.4, occluded selections 59.3%, 0 bad samples
[restir gi] frame  28: indirect pool on 22.2% of surface pixels, mean M 0.4, shaded M 3.9, occluded selections 88.2%
[restir] D10 identity: 3916 film reads + 92231 DI merges + 4031 GI merges agreed on normal+depth and belonged to a DIFFERENT surface (3916 of the reads showed a different MATERIAL) — refused (identity validation ON)
[film]   frame  29: running mean reprojected on 0.0% of surface pixels (0.0% of those to a moved texel), 0.0% restarted on disocclusion, 0 samples behind the mean
[restir] frame  29: 258560 surface pixels, reservoirs on 100.0% of them, mean M 12.1 (max M 21), shaded M 51.7, occluded selections 59.1%, 0 bad samples
[restir gi] frame  29: indirect pool on 22.3% of surface pixels, mean M 0.4, shaded M 4.0, occluded selections 88.6%
[restir] D10 identity: 3121 film reads + 95281 DI merges + 4163 GI merges agreed on normal+depth and belonged to a DIFFERENT surface (3121 of the reads showed a different MATERIAL) — refused (identity validation ON)
[film]   frame  30: running mean reprojected on 0.0% of surface pixels (0.0% of those to a moved texel), 0.0% restarted on disocclusion, 0 samples behind the mean
[restir] frame  30: 258048 surface pixels, reservoirs on 100.0% of them, mean M 12.1 (max M 21), shaded M 51.7, occluded selections 58.9%, 0 bad samples
[restir gi] frame  30: indirect pool on 22.3% of surface pixels, mean M 0.4, shaded M 4.0, occluded selections 88.7%
[restir] D10 identity: 2631 film reads + 97837 DI merges + 4259 GI merges agreed on normal+depth and belonged to a DIFFERENT surface (2631 of the reads showed a different MATERIAL) — refused (identity validation ON)
[film]   frame  31: running mean reprojected on 0.0% of surface pixels (0.0% of those to a moved texel), 0.0% restarted on disocclusion, 0 samples behind the mean
[restir] frame  31: 258560 surface pixels, reservoirs on 100.0% of them, mean M 12.1 (max M 21), shaded M 51.9, occluded selections 59.0%, 0 bad samples
[restir gi] frame  31: indirect pool on 22.3% of surface pixels, mean M 0.4, shaded M 4.0, occluded selections 88.7%
[restir] D10 identity: 3169 film reads + 100944 DI merges + 4382 GI merges agreed on normal+depth and belonged to a DIFFERENT surface (3169 of the reads showed a different MATERIAL) — refused (identity validation ON)
[film]   frame  32: running mean reprojected on 0.0% of surface pixels (0.0% of those to a moved texel), 0.0% restarted on disocclusion, 0 samples behind the mean
[restir] frame  32: 258560 surface pixels, reservoirs on 100.0% of them, mean M 12.0 (max M 21), shaded M 51.5, occluded selections 58.8%, 0 bad samples
[restir gi] frame  32: indirect pool on 22.3% of surface pixels, mean M 0.4, shaded M 3.8, occluded selections 88.7%
[restir] D10 identity: 6092 film reads + 106928 DI merges + 4633 GI merges agreed on normal+depth and belonged to a DIFFERENT surface (6092 of the reads showed a different MATERIAL) — refused (identity validation ON)
[restir gi] reasons: bad 100186 escape 5207680 emitter 125742 unlit 0 unusable 715037 vertex 1021937 noPHat 0
[restir gi] temporal: tried 379478, refused for a MISSING previous vertex record 0, merged 337534
[material-level] interface overlay: 19 film pixels composited (14 figures)
[material-level] unfiltered accumulated film -> /home/user/Frontier/Exhibits/Gallery/AutomotiveShowcase/ReSTIR/grid400-raw.png
[material-level] reservoirs: 100.0 % of surface pixels held one, mean M 12.0
[material-level] visibility reuse: 8270336 spatial-pass shadow rays skipped (the winner's stored test answered) — the A/B arm is --restir-final-visibility
[material-level] film: mean 0.1776, 0 non-finite/out-of-range samples
[material-level] wrote -> /home/user/Frontier/Exhibits/Gallery/AutomotiveShowcase/ReSTIR/grid400.png
