================================================================================
   PROJECT-ZERO — SHOWCASE, THE DEFAULT LEVEL, CPU RENDER OF THE VULKAN SCENE   
================================================================================
[material-level] interface panel: 14 figures composed (5 illuminant contributors), light rgb (0.141 0.012 0.048), 26% coverage, gain 120 — proxy quad and luminaire registered by the engine
[material-level] level: 405028 triangles, 415 material records (415 slabs), 4490 emissive triangles
[material-level] sky: sun hour 13.00, sun dir render (-0.496 0.868 0.012), fog clear
[material-level] sun pick: 0.950 power-proportional (was the fixed 0.5 coin)
[material-level] view 'paint-candy': eye (-16.20 20.70 1.25), pitch -18.5°, yaw 90.0°, FoV 42°, 384x384 @ 1 spp, 6 bounces, 16 frames, RESTIR DI (CPU mirror), à-trous
[material-level] estimator: the kernel's DI block on the CPU — RIS candidates, temporal + spatial reuse (25° / 10 % validation, 20× M-clamp, pairwise MIS), visibility re-trace; indirect from the same BSDF-sampled bounce.
[film]   frame   1: running mean reprojected on 0.0% of surface pixels (0.0% of those to a moved texel), 0.0% restarted on disocclusion, 0 samples behind the mean
[restir] frame   1: 137197 surface pixels, reservoirs on 100.0% of them, mean M 1.0 (max M 1), shaded M 4.7, occluded selections 95.2%, 0 bad samples
[restir gi] frame   1: indirect pool on 46.2% of surface pixels, mean M 0.5, shaded M 3.3, occluded selections 85.7%
[restir] D10 identity: 0 film reads + 0 DI merges + 0 GI merges agreed on normal+depth and belonged to a DIFFERENT surface (0 of the reads showed a different MATERIAL) — refused (identity validation ON)
[film]   frame   2: running mean reprojected on 0.0% of surface pixels (0.0% of those to a moved texel), 0.0% restarted on disocclusion, 0 samples behind the mean
[restir] frame   2: 137305 surface pixels, reservoirs on 100.0% of them, mean M 1.8 (max M 2), shaded M 8.4, occluded selections 95.0%, 0 bad samples
[restir gi] frame   2: indirect pool on 46.3% of surface pixels, mean M 0.7, shaded M 5.5, occluded selections 85.8%
[restir] D10 identity: 194 film reads + 103 DI merges + 16 GI merges agreed on normal+depth and belonged to a DIFFERENT surface (194 of the reads showed a different MATERIAL) — refused (identity validation ON)
[film]   frame   3: running mean reprojected on 0.0% of surface pixels (0.0% of those to a moved texel), 0.0% restarted on disocclusion, 0 samples behind the mean
[restir] frame   3: 137101 surface pixels, reservoirs on 100.0% of them, mean M 2.5 (max M 3), shaded M 11.9, occluded selections 95.1%, 0 bad samples
[restir gi] frame   3: indirect pool on 46.2% of surface pixels, mean M 0.8, shaded M 7.1, occluded selections 86.1%
[restir] D10 identity: 358 film reads + 309 DI merges + 44 GI merges agreed on normal+depth and belonged to a DIFFERENT surface (358 of the reads showed a different MATERIAL) — refused (identity validation ON)
[film]   frame   4: running mean reprojected on 0.0% of surface pixels (0.0% of those to a moved texel), 0.0% restarted on disocclusion, 0 samples behind the mean
[restir] frame   4: 137233 surface pixels, reservoirs on 100.0% of them, mean M 3.2 (max M 4), shaded M 15.3, occluded selections 95.0%, 0 bad samples
[restir gi] frame   4: indirect pool on 46.0% of surface pixels, mean M 0.9, shaded M 8.3, occluded selections 86.1%
[restir] D10 identity: 359 film reads + 498 DI merges + 71 GI merges agreed on normal+depth and belonged to a DIFFERENT surface (359 of the reads showed a different MATERIAL) — refused (identity validation ON)
[film]   frame   5: running mean reprojected on 0.0% of surface pixels (0.0% of those to a moved texel), 0.0% restarted on disocclusion, 0 samples behind the mean
[restir] frame   5: 137346 surface pixels, reservoirs on 100.0% of them, mean M 3.9 (max M 5), shaded M 18.5, occluded selections 95.0%, 0 bad samples
[restir gi] frame   5: indirect pool on 46.1% of surface pixels, mean M 1.0, shaded M 9.3, occluded selections 86.0%
[restir] D10 identity: 302 film reads + 726 DI merges + 88 GI merges agreed on normal+depth and belonged to a DIFFERENT surface (302 of the reads showed a different MATERIAL) — refused (identity validation ON)
[film]   frame   6: running mean reprojected on 0.0% of surface pixels (0.0% of those to a moved texel), 0.0% restarted on disocclusion, 0 samples behind the mean
[restir] frame   6: 137143 surface pixels, reservoirs on 100.0% of them, mean M 4.5 (max M 6), shaded M 21.6, occluded selections 95.0%, 0 bad samples
[restir gi] frame   6: indirect pool on 45.9% of surface pixels, mean M 1.1, shaded M 10.1, occluded selections 86.0%
[restir] D10 identity: 276 film reads + 953 DI merges + 96 GI merges agreed on normal+depth and belonged to a DIFFERENT surface (276 of the reads showed a different MATERIAL) — refused (identity validation ON)
[film]   frame   7: running mean reprojected on 0.0% of surface pixels (0.0% of those to a moved texel), 0.0% restarted on disocclusion, 0 samples behind the mean
[restir] frame   7: 137277 surface pixels, reservoirs on 100.0% of them, mean M 5.1 (max M 7), shaded M 24.7, occluded selections 94.9%, 0 bad samples
[restir gi] frame   7: indirect pool on 46.1% of surface pixels, mean M 1.1, shaded M 10.7, occluded selections 86.3%
[restir] D10 identity: 293 film reads + 1191 DI merges + 110 GI merges agreed on normal+depth and belonged to a DIFFERENT surface (293 of the reads showed a different MATERIAL) — refused (identity validation ON)
[film]   frame   8: running mean reprojected on 0.0% of surface pixels (0.0% of those to a moved texel), 0.0% restarted on disocclusion, 0 samples behind the mean
[restir] frame   8: 137390 surface pixels, reservoirs on 100.0% of them, mean M 5.7 (max M 8), shaded M 27.5, occluded selections 94.9%, 0 bad samples
[restir gi] frame   8: indirect pool on 46.1% of surface pixels, mean M 1.1, shaded M 11.2, occluded selections 86.3%
[restir] D10 identity: 447 film reads + 1419 DI merges + 155 GI merges agreed on normal+depth and belonged to a DIFFERENT surface (447 of the reads showed a different MATERIAL) — refused (identity validation ON)
[film]   frame   9: running mean reprojected on 0.0% of surface pixels (0.0% of those to a moved texel), 0.0% restarted on disocclusion, 0 samples behind the mean
[restir] frame   9: 137061 surface pixels, reservoirs on 100.0% of them, mean M 6.3 (max M 9), shaded M 30.3, occluded selections 94.8%, 0 bad samples
[restir gi] frame   9: indirect pool on 46.3% of surface pixels, mean M 1.2, shaded M 11.7, occluded selections 86.4%
[restir] D10 identity: 425 film reads + 1652 DI merges + 183 GI merges agreed on normal+depth and belonged to a DIFFERENT surface (425 of the reads showed a different MATERIAL) — refused (identity validation ON)
[film]   frame  10: running mean reprojected on 0.0% of surface pixels (0.0% of those to a moved texel), 0.0% restarted on disocclusion, 0 samples behind the mean
[restir] frame  10: 137206 surface pixels, reservoirs on 100.0% of them, mean M 6.9 (max M 10), shaded M 33.0, occluded selections 94.8%, 0 bad samples
[restir gi] frame  10: indirect pool on 46.0% of surface pixels, mean M 1.2, shaded M 12.1, occluded selections 86.3%
[restir] D10 identity: 188 film reads + 1756 DI merges + 196 GI merges agreed on normal+depth and belonged to a DIFFERENT surface (188 of the reads showed a different MATERIAL) — refused (identity validation ON)
[film]   frame  11: running mean reprojected on 0.0% of surface pixels (0.0% of those to a moved texel), 0.0% restarted on disocclusion, 0 samples behind the mean
[restir] frame  11: 137320 surface pixels, reservoirs on 100.0% of them, mean M 7.4 (max M 11), shaded M 35.6, occluded selections 94.9%, 0 bad samples
[restir gi] frame  11: indirect pool on 45.9% of surface pixels, mean M 1.2, shaded M 12.5, occluded selections 86.3%
[restir] D10 identity: 295 film reads + 1996 DI merges + 215 GI merges agreed on normal+depth and belonged to a DIFFERENT surface (295 of the reads showed a different MATERIAL) — refused (identity validation ON)
[film]   frame  12: running mean reprojected on 0.0% of surface pixels (0.0% of those to a moved texel), 0.0% restarted on disocclusion, 0 samples behind the mean
[restir] frame  12: 137117 surface pixels, reservoirs on 100.0% of them, mean M 7.9 (max M 12), shaded M 38.0, occluded selections 94.9%, 0 bad samples
[restir gi] frame  12: indirect pool on 46.2% of surface pixels, mean M 1.3, shaded M 12.6, occluded selections 86.3%
[restir] D10 identity: 417 film reads + 2336 DI merges + 242 GI merges agreed on normal+depth and belonged to a DIFFERENT surface (417 of the reads showed a different MATERIAL) — refused (identity validation ON)
[film]   frame  13: running mean reprojected on 0.0% of surface pixels (0.0% of those to a moved texel), 0.0% restarted on disocclusion, 0 samples behind the mean
[restir] frame  13: 137252 surface pixels, reservoirs on 100.0% of them, mean M 8.4 (max M 13), shaded M 40.6, occluded selections 94.8%, 0 bad samples
[restir gi] frame  13: indirect pool on 45.8% of surface pixels, mean M 1.3, shaded M 12.9, occluded selections 86.1%
[restir] D10 identity: 301 film reads + 2579 DI merges + 260 GI merges agreed on normal+depth and belonged to a DIFFERENT surface (301 of the reads showed a different MATERIAL) — refused (identity validation ON)
[film]   frame  14: running mean reprojected on 0.0% of surface pixels (0.0% of those to a moved texel), 0.0% restarted on disocclusion, 0 samples behind the mean
[restir] frame  14: 137362 surface pixels, reservoirs on 100.0% of them, mean M 8.9 (max M 14), shaded M 42.8, occluded selections 94.8%, 0 bad samples
[restir gi] frame  14: indirect pool on 46.1% of surface pixels, mean M 1.3, shaded M 13.2, occluded selections 86.4%
[restir] D10 identity: 201 film reads + 2690 DI merges + 275 GI merges agreed on normal+depth and belonged to a DIFFERENT surface (201 of the reads showed a different MATERIAL) — refused (identity validation ON)
[film]   frame  15: running mean reprojected on 0.0% of surface pixels (0.0% of those to a moved texel), 0.0% restarted on disocclusion, 0 samples behind the mean
[restir] frame  15: 137162 surface pixels, reservoirs on 100.0% of them, mean M 9.4 (max M 15), shaded M 45.1, occluded selections 94.9%, 0 bad samples
[restir gi] frame  15: indirect pool on 46.2% of surface pixels, mean M 1.3, shaded M 13.2, occluded selections 86.3%
[restir] D10 identity: 367 film reads + 2908 DI merges + 298 GI merges agreed on normal+depth and belonged to a DIFFERENT surface (367 of the reads showed a different MATERIAL) — refused (identity validation ON)
[film]   frame  16: running mean reprojected on 0.0% of surface pixels (0.0% of those to a moved texel), 0.0% restarted on disocclusion, 0 samples behind the mean
[restir] frame  16: 137285 surface pixels, reservoirs on 100.0% of them, mean M 9.8 (max M 16), shaded M 47.2, occluded selections 94.8%, 0 bad samples
[restir gi] frame  16: indirect pool on 46.1% of surface pixels, mean M 1.3, shaded M 13.3, occluded selections 86.2%
[restir] D10 identity: 499 film reads + 3183 DI merges + 345 GI merges agreed on normal+depth and belonged to a DIFFERENT surface (499 of the reads showed a different MATERIAL) — refused (identity validation ON)
[restir gi] reasons: bad 16468 escape 1088694 emitter 468 unlit 0 unusable 77823 vertex 734458 noPHat 0
[restir gi] temporal: tried 411998, refused for a MISSING previous vertex record 12, merged 408771
[material-level] interface overlay: 0 film pixels composited (14 figures)
[material-level] unfiltered accumulated film -> /home/user/Frontier/Exhibits/Gallery/AutomotiveShowcase/ReSTIR/paint-candy-raw.png
[material-level] reservoirs: 100.0 % of surface pixels held one, mean M 9.8
[material-level] visibility reuse: 2195757 spatial-pass shadow rays skipped (the winner's stored test answered) — the A/B arm is --restir-final-visibility
[material-level] film: mean 0.0782, 0 non-finite/out-of-range samples
[material-level] wrote -> /home/user/Frontier/Exhibits/Gallery/AutomotiveShowcase/ReSTIR/paint-candy.png
