================================================================================
   PROJECT-ZERO — SHOWCASE, THE DEFAULT LEVEL, CPU RENDER OF THE VULKAN SCENE   
================================================================================
[material-level] interface panel: 14 figures composed (5 illuminant contributors), light rgb (0.141 0.012 0.048), 26% coverage, gain 120 — proxy quad and luminaire registered by the engine
[material-level] level: 405028 triangles, 415 material records (415 slabs), 4490 emissive triangles
[material-level] sky: sun hour 13.00, sun dir render (-0.496 0.868 0.012), fog clear
[material-level] sun pick: 0.950 power-proportional (was the fixed 0.5 coin)
[material-level] view 'paint-glitter': eye (-16.20 22.20 1.25), pitch -18.5°, yaw 90.0°, FoV 42°, 384x384 @ 1 spp, 6 bounces, 16 frames, RESTIR DI (CPU mirror), à-trous
[material-level] estimator: the kernel's DI block on the CPU — RIS candidates, temporal + spatial reuse (25° / 10 % validation, 20× M-clamp, pairwise MIS), visibility re-trace; indirect from the same BSDF-sampled bounce.
[film]   frame   1: running mean reprojected on 0.0% of surface pixels (0.0% of those to a moved texel), 0.0% restarted on disocclusion, 0 samples behind the mean
[restir] frame   1: 137061 surface pixels, reservoirs on 100.0% of them, mean M 1.0 (max M 1), shaded M 4.7, occluded selections 84.3%, 0 bad samples
[restir gi] frame   1: indirect pool on 47.7% of surface pixels, mean M 0.5, shaded M 3.2, occluded selections 85.7%
[restir] D10 identity: 0 film reads + 0 DI merges + 0 GI merges agreed on normal+depth and belonged to a DIFFERENT surface (0 of the reads showed a different MATERIAL) — refused (identity validation ON)
[film]   frame   2: running mean reprojected on 0.0% of surface pixels (0.0% of those to a moved texel), 0.0% restarted on disocclusion, 0 samples behind the mean
[restir] frame   2: 137172 surface pixels, reservoirs on 100.0% of them, mean M 1.8 (max M 2), shaded M 8.4, occluded selections 83.9%, 0 bad samples
[restir gi] frame   2: indirect pool on 47.9% of surface pixels, mean M 0.7, shaded M 5.4, occluded selections 85.7%
[restir] D10 identity: 194 film reads + 104 DI merges + 18 GI merges agreed on normal+depth and belonged to a DIFFERENT surface (194 of the reads showed a different MATERIAL) — refused (identity validation ON)
[film]   frame   3: running mean reprojected on 0.0% of surface pixels (0.0% of those to a moved texel), 0.0% restarted on disocclusion, 0 samples behind the mean
[restir] frame   3: 136961 surface pixels, reservoirs on 100.0% of them, mean M 2.5 (max M 3), shaded M 11.9, occluded selections 83.9%, 0 bad samples
[restir gi] frame   3: indirect pool on 47.6% of surface pixels, mean M 0.8, shaded M 7.0, occluded selections 85.9%
[restir] D10 identity: 358 film reads + 310 DI merges + 48 GI merges agreed on normal+depth and belonged to a DIFFERENT surface (358 of the reads showed a different MATERIAL) — refused (identity validation ON)
[film]   frame   4: running mean reprojected on 0.0% of surface pixels (0.0% of those to a moved texel), 0.0% restarted on disocclusion, 0 samples behind the mean
[restir] frame   4: 137097 surface pixels, reservoirs on 100.0% of them, mean M 3.2 (max M 4), shaded M 15.3, occluded selections 83.8%, 0 bad samples
[restir gi] frame   4: indirect pool on 47.5% of surface pixels, mean M 0.9, shaded M 8.1, occluded selections 85.7%
[restir] D10 identity: 359 film reads + 499 DI merges + 78 GI merges agreed on normal+depth and belonged to a DIFFERENT surface (359 of the reads showed a different MATERIAL) — refused (identity validation ON)
[film]   frame   5: running mean reprojected on 0.0% of surface pixels (0.0% of those to a moved texel), 0.0% restarted on disocclusion, 0 samples behind the mean
[restir] frame   5: 137208 surface pixels, reservoirs on 100.0% of them, mean M 3.9 (max M 5), shaded M 18.5, occluded selections 83.7%, 0 bad samples
[restir gi] frame   5: indirect pool on 47.6% of surface pixels, mean M 1.0, shaded M 9.1, occluded selections 85.8%
[restir] D10 identity: 302 film reads + 728 DI merges + 99 GI merges agreed on normal+depth and belonged to a DIFFERENT surface (302 of the reads showed a different MATERIAL) — refused (identity validation ON)
[film]   frame   6: running mean reprojected on 0.0% of surface pixels (0.0% of those to a moved texel), 0.0% restarted on disocclusion, 0 samples behind the mean
[restir] frame   6: 137010 surface pixels, reservoirs on 100.0% of them, mean M 4.5 (max M 6), shaded M 21.7, occluded selections 83.7%, 0 bad samples
[restir gi] frame   6: indirect pool on 47.5% of surface pixels, mean M 1.1, shaded M 9.8, occluded selections 85.9%
[restir] D10 identity: 276 film reads + 955 DI merges + 111 GI merges agreed on normal+depth and belonged to a DIFFERENT surface (276 of the reads showed a different MATERIAL) — refused (identity validation ON)
[film]   frame   7: running mean reprojected on 0.0% of surface pixels (0.0% of those to a moved texel), 0.0% restarted on disocclusion, 0 samples behind the mean
[restir] frame   7: 137137 surface pixels, reservoirs on 100.0% of them, mean M 5.1 (max M 7), shaded M 24.7, occluded selections 83.6%, 0 bad samples
[restir gi] frame   7: indirect pool on 47.6% of surface pixels, mean M 1.1, shaded M 10.3, occluded selections 85.8%
[restir] D10 identity: 293 film reads + 1194 DI merges + 126 GI merges agreed on normal+depth and belonged to a DIFFERENT surface (293 of the reads showed a different MATERIAL) — refused (identity validation ON)
[film]   frame   8: running mean reprojected on 0.0% of surface pixels (0.0% of those to a moved texel), 0.0% restarted on disocclusion, 0 samples behind the mean
[restir] frame   8: 137251 surface pixels, reservoirs on 100.0% of them, mean M 5.7 (max M 8), shaded M 27.5, occluded selections 83.5%, 0 bad samples
[restir gi] frame   8: indirect pool on 47.7% of surface pixels, mean M 1.1, shaded M 10.8, occluded selections 85.9%
[restir] D10 identity: 447 film reads + 1423 DI merges + 174 GI merges agreed on normal+depth and belonged to a DIFFERENT surface (447 of the reads showed a different MATERIAL) — refused (identity validation ON)
[film]   frame   9: running mean reprojected on 0.0% of surface pixels (0.0% of those to a moved texel), 0.0% restarted on disocclusion, 0 samples behind the mean
[restir] frame   9: 136929 surface pixels, reservoirs on 100.0% of them, mean M 6.3 (max M 9), shaded M 30.3, occluded selections 83.6%, 0 bad samples
[restir gi] frame   9: indirect pool on 47.8% of surface pixels, mean M 1.2, shaded M 11.2, occluded selections 85.9%
[restir] D10 identity: 425 film reads + 1656 DI merges + 205 GI merges agreed on normal+depth and belonged to a DIFFERENT surface (425 of the reads showed a different MATERIAL) — refused (identity validation ON)
[film]   frame  10: running mean reprojected on 0.0% of surface pixels (0.0% of those to a moved texel), 0.0% restarted on disocclusion, 0 samples behind the mean
[restir] frame  10: 137075 surface pixels, reservoirs on 100.0% of them, mean M 6.9 (max M 10), shaded M 33.0, occluded selections 83.5%, 0 bad samples
[restir gi] frame  10: indirect pool on 47.5% of surface pixels, mean M 1.2, shaded M 11.6, occluded selections 86.2%
[restir] D10 identity: 188 film reads + 1761 DI merges + 220 GI merges agreed on normal+depth and belonged to a DIFFERENT surface (188 of the reads showed a different MATERIAL) — refused (identity validation ON)
[film]   frame  11: running mean reprojected on 0.0% of surface pixels (0.0% of those to a moved texel), 0.0% restarted on disocclusion, 0 samples behind the mean
[restir] frame  11: 137182 surface pixels, reservoirs on 100.0% of them, mean M 7.4 (max M 11), shaded M 35.6, occluded selections 83.5%, 0 bad samples
[restir gi] frame  11: indirect pool on 47.4% of surface pixels, mean M 1.2, shaded M 11.9, occluded selections 85.9%
[restir] D10 identity: 295 film reads + 2000 DI merges + 239 GI merges agreed on normal+depth and belonged to a DIFFERENT surface (295 of the reads showed a different MATERIAL) — refused (identity validation ON)
[film]   frame  12: running mean reprojected on 0.0% of surface pixels (0.0% of those to a moved texel), 0.0% restarted on disocclusion, 0 samples behind the mean
[restir] frame  12: 136979 surface pixels, reservoirs on 100.0% of them, mean M 7.9 (max M 12), shaded M 38.1, occluded selections 83.6%, 0 bad samples
[restir gi] frame  12: indirect pool on 47.7% of surface pixels, mean M 1.3, shaded M 12.1, occluded selections 85.7%
[restir] D10 identity: 417 film reads + 2340 DI merges + 266 GI merges agreed on normal+depth and belonged to a DIFFERENT surface (417 of the reads showed a different MATERIAL) — refused (identity validation ON)
[film]   frame  13: running mean reprojected on 0.0% of surface pixels (0.0% of those to a moved texel), 0.0% restarted on disocclusion, 0 samples behind the mean
[restir] frame  13: 137114 surface pixels, reservoirs on 100.0% of them, mean M 8.4 (max M 13), shaded M 40.6, occluded selections 83.4%, 0 bad samples
[restir gi] frame  13: indirect pool on 47.4% of surface pixels, mean M 1.3, shaded M 12.3, occluded selections 85.8%
[restir] D10 identity: 301 film reads + 2580 DI merges + 287 GI merges agreed on normal+depth and belonged to a DIFFERENT surface (301 of the reads showed a different MATERIAL) — refused (identity validation ON)
[film]   frame  14: running mean reprojected on 0.0% of surface pixels (0.0% of those to a moved texel), 0.0% restarted on disocclusion, 0 samples behind the mean
[restir] frame  14: 137224 surface pixels, reservoirs on 100.0% of them, mean M 8.9 (max M 14), shaded M 42.9, occluded selections 83.4%, 0 bad samples
[restir gi] frame  14: indirect pool on 47.6% of surface pixels, mean M 1.3, shaded M 12.5, occluded selections 86.1%
[restir] D10 identity: 200 film reads + 2691 DI merges + 305 GI merges agreed on normal+depth and belonged to a DIFFERENT surface (200 of the reads showed a different MATERIAL) — refused (identity validation ON)
[film]   frame  15: running mean reprojected on 0.0% of surface pixels (0.0% of those to a moved texel), 0.0% restarted on disocclusion, 0 samples behind the mean
[restir] frame  15: 137024 surface pixels, reservoirs on 100.0% of them, mean M 9.4 (max M 15), shaded M 45.1, occluded selections 83.4%, 0 bad samples
[restir gi] frame  15: indirect pool on 47.8% of surface pixels, mean M 1.3, shaded M 12.5, occluded selections 85.9%
[restir] D10 identity: 367 film reads + 2909 DI merges + 331 GI merges agreed on normal+depth and belonged to a DIFFERENT surface (367 of the reads showed a different MATERIAL) — refused (identity validation ON)
[film]   frame  16: running mean reprojected on 0.0% of surface pixels (0.0% of those to a moved texel), 0.0% restarted on disocclusion, 0 samples behind the mean
[restir] frame  16: 137147 surface pixels, reservoirs on 100.0% of them, mean M 9.8 (max M 16), shaded M 47.3, occluded selections 83.4%, 0 bad samples
[restir gi] frame  16: indirect pool on 47.7% of surface pixels, mean M 1.3, shaded M 12.7, occluded selections 85.9%
[restir] D10 identity: 499 film reads + 3185 DI merges + 382 GI merges agreed on normal+depth and belonged to a DIFFERENT surface (499 of the reads showed a different MATERIAL) — refused (identity validation ON)
[restir gi] reasons: bad 16188 escape 1122083 emitter 356 unlit 0 unusable 10349 vertex 747464 noPHat 0
[restir gi] temporal: tried 415627, refused for a MISSING previous vertex record 22, merged 411809
[material-level] interface overlay: 0 film pixels composited (14 figures)
[material-level] unfiltered accumulated film -> /home/user/Frontier/Exhibits/Gallery/AutomotiveShowcase/ReSTIR/paint-glitter-raw.png
[material-level] reservoirs: 100.0 % of surface pixels held one, mean M 9.8
[material-level] visibility reuse: 2193571 spatial-pass shadow rays skipped (the winner's stored test answered) — the A/B arm is --restir-final-visibility
[material-level] film: mean 0.0708, 0 non-finite/out-of-range samples
[material-level] wrote -> /home/user/Frontier/Exhibits/Gallery/AutomotiveShowcase/ReSTIR/paint-glitter.png
