================================================================================
   PROJECT-ZERO — SHOWCASE, THE DEFAULT LEVEL, CPU RENDER OF THE VULKAN SCENE   
================================================================================
[material-level] interface panel: 14 figures composed (5 illuminant contributors), light rgb (0.141 0.012 0.048), 26% coverage, gain 120 — proxy quad and luminaire registered by the engine
[material-level] level: 405028 triangles, 415 material records (415 slabs), 4490 emissive triangles
[material-level] sky: sun hour 13.00, sun dir render (-0.496 0.868 0.012), fog clear
[material-level] sun pick: 0.950 power-proportional (was the fixed 0.5 coin)
[material-level] view 'paint-copper': eye (-16.20 26.70 1.25), pitch -18.5°, yaw 90.0°, FoV 42°, 384x384 @ 1 spp, 6 bounces, 16 frames, RESTIR DI (CPU mirror), à-trous
[material-level] estimator: the kernel's DI block on the CPU — RIS candidates, temporal + spatial reuse (25° / 10 % validation, 20× M-clamp, pairwise MIS), visibility re-trace; indirect from the same BSDF-sampled bounce.
[film]   frame   1: running mean reprojected on 0.0% of surface pixels (0.0% of those to a moved texel), 0.0% restarted on disocclusion, 0 samples behind the mean
[restir] frame   1: 136212 surface pixels, reservoirs on 100.0% of them, mean M 1.0 (max M 1), shaded M 4.8, occluded selections 21.7%, 0 bad samples
[restir gi] frame   1: indirect pool on 40.4% of surface pixels, mean M 0.4, shaded M 3.2, occluded selections 25.4%
[restir] D10 identity: 0 film reads + 0 DI merges + 0 GI merges agreed on normal+depth and belonged to a DIFFERENT surface (0 of the reads showed a different MATERIAL) — refused (identity validation ON)
[film]   frame   2: running mean reprojected on 0.0% of surface pixels (0.0% of those to a moved texel), 0.0% restarted on disocclusion, 0 samples behind the mean
[restir] frame   2: 136403 surface pixels, reservoirs on 100.0% of them, mean M 1.9 (max M 2), shaded M 8.9, occluded selections 21.6%, 0 bad samples
[restir gi] frame   2: indirect pool on 40.3% of surface pixels, mean M 0.6, shaded M 5.3, occluded selections 26.1%
[restir] D10 identity: 98 film reads + 89 DI merges + 6 GI merges agreed on normal+depth and belonged to a DIFFERENT surface (98 of the reads showed a different MATERIAL) — refused (identity validation ON)
[film]   frame   3: running mean reprojected on 0.0% of surface pixels (0.0% of those to a moved texel), 0.0% restarted on disocclusion, 0 samples behind the mean
[restir] frame   3: 136145 surface pixels, reservoirs on 100.0% of them, mean M 2.7 (max M 3), shaded M 12.9, occluded selections 21.7%, 0 bad samples
[restir gi] frame   3: indirect pool on 40.2% of surface pixels, mean M 0.7, shaded M 6.7, occluded selections 26.5%
[restir] D10 identity: 154 film reads + 230 DI merges + 10 GI merges agreed on normal+depth and belonged to a DIFFERENT surface (154 of the reads showed a different MATERIAL) — refused (identity validation ON)
[film]   frame   4: running mean reprojected on 0.0% of surface pixels (0.0% of those to a moved texel), 0.0% restarted on disocclusion, 0 samples behind the mean
[restir] frame   4: 136315 surface pixels, reservoirs on 100.0% of them, mean M 3.5 (max M 4), shaded M 16.7, occluded selections 21.6%, 0 bad samples
[restir gi] frame   4: indirect pool on 40.2% of surface pixels, mean M 0.8, shaded M 7.8, occluded selections 26.6%
[restir] D10 identity: 169 film reads + 394 DI merges + 16 GI merges agreed on normal+depth and belonged to a DIFFERENT surface (169 of the reads showed a different MATERIAL) — refused (identity validation ON)
[film]   frame   5: running mean reprojected on 0.0% of surface pixels (0.0% of those to a moved texel), 0.0% restarted on disocclusion, 0 samples behind the mean
[restir] frame   5: 136426 surface pixels, reservoirs on 100.0% of them, mean M 4.3 (max M 5), shaded M 20.4, occluded selections 21.6%, 0 bad samples
[restir gi] frame   5: indirect pool on 40.2% of surface pixels, mean M 0.8, shaded M 8.7, occluded selections 26.4%
[restir] D10 identity: 242 film reads + 616 DI merges + 21 GI merges agreed on normal+depth and belonged to a DIFFERENT surface (242 of the reads showed a different MATERIAL) — refused (identity validation ON)
[film]   frame   6: running mean reprojected on 0.0% of surface pixels (0.0% of those to a moved texel), 0.0% restarted on disocclusion, 0 samples behind the mean
[restir] frame   6: 136173 surface pixels, reservoirs on 100.0% of them, mean M 5.0 (max M 6), shaded M 24.0, occluded selections 21.6%, 0 bad samples
[restir gi] frame   6: indirect pool on 40.2% of surface pixels, mean M 0.9, shaded M 9.4, occluded selections 26.7%
[restir] D10 identity: 205 film reads + 800 DI merges + 27 GI merges agreed on normal+depth and belonged to a DIFFERENT surface (205 of the reads showed a different MATERIAL) — refused (identity validation ON)
[film]   frame   7: running mean reprojected on 0.0% of surface pixels (0.0% of those to a moved texel), 0.0% restarted on disocclusion, 0 samples behind the mean
[restir] frame   7: 136381 surface pixels, reservoirs on 100.0% of them, mean M 5.7 (max M 7), shaded M 27.4, occluded selections 21.6%, 0 bad samples
[restir gi] frame   7: indirect pool on 40.2% of surface pixels, mean M 0.9, shaded M 9.8, occluded selections 26.8%
[restir] D10 identity: 234 film reads + 1027 DI merges + 35 GI merges agreed on normal+depth and belonged to a DIFFERENT surface (234 of the reads showed a different MATERIAL) — refused (identity validation ON)
[film]   frame   8: running mean reprojected on 0.0% of surface pixels (0.0% of those to a moved texel), 0.0% restarted on disocclusion, 0 samples behind the mean
[restir] frame   8: 136441 surface pixels, reservoirs on 100.0% of them, mean M 6.4 (max M 8), shaded M 30.7, occluded selections 21.5%, 0 bad samples
[restir gi] frame   8: indirect pool on 40.3% of surface pixels, mean M 1.0, shaded M 10.3, occluded selections 26.3%
[restir] D10 identity: 212 film reads + 1234 DI merges + 44 GI merges agreed on normal+depth and belonged to a DIFFERENT surface (212 of the reads showed a different MATERIAL) — refused (identity validation ON)
[film]   frame   9: running mean reprojected on 0.0% of surface pixels (0.0% of those to a moved texel), 0.0% restarted on disocclusion, 0 samples behind the mean
[restir] frame   9: 136116 surface pixels, reservoirs on 100.0% of them, mean M 7.1 (max M 9), shaded M 34.0, occluded selections 21.6%, 0 bad samples
[restir gi] frame   9: indirect pool on 40.4% of surface pixels, mean M 1.0, shaded M 10.7, occluded selections 26.6%
[restir] D10 identity: 170 film reads + 1396 DI merges + 48 GI merges agreed on normal+depth and belonged to a DIFFERENT surface (170 of the reads showed a different MATERIAL) — refused (identity validation ON)
[film]   frame  10: running mean reprojected on 0.0% of surface pixels (0.0% of those to a moved texel), 0.0% restarted on disocclusion, 0 samples behind the mean
[restir] frame  10: 136215 surface pixels, reservoirs on 100.0% of them, mean M 7.7 (max M 10), shaded M 37.1, occluded selections 21.5%, 0 bad samples
[restir gi] frame  10: indirect pool on 40.3% of surface pixels, mean M 1.0, shaded M 11.0, occluded selections 26.7%
[restir] D10 identity: 89 film reads + 1484 DI merges + 51 GI merges agreed on normal+depth and belonged to a DIFFERENT surface (89 of the reads showed a different MATERIAL) — refused (identity validation ON)
[film]   frame  11: running mean reprojected on 0.0% of surface pixels (0.0% of those to a moved texel), 0.0% restarted on disocclusion, 0 samples behind the mean
[restir] frame  11: 136418 surface pixels, reservoirs on 100.0% of them, mean M 8.3 (max M 11), shaded M 40.1, occluded selections 21.7%, 0 bad samples
[restir gi] frame  11: indirect pool on 40.1% of surface pixels, mean M 1.0, shaded M 11.2, occluded selections 27.1%
[restir] D10 identity: 240 film reads + 1708 DI merges + 57 GI merges agreed on normal+depth and belonged to a DIFFERENT surface (240 of the reads showed a different MATERIAL) — refused (identity validation ON)
[film]   frame  12: running mean reprojected on 0.0% of surface pixels (0.0% of those to a moved texel), 0.0% restarted on disocclusion, 0 samples behind the mean
[restir] frame  12: 136147 surface pixels, reservoirs on 100.0% of them, mean M 8.9 (max M 12), shaded M 43.0, occluded selections 21.6%, 0 bad samples
[restir gi] frame  12: indirect pool on 40.3% of surface pixels, mean M 1.0, shaded M 11.4, occluded selections 26.8%
[restir] D10 identity: 344 film reads + 2019 DI merges + 68 GI merges agreed on normal+depth and belonged to a DIFFERENT surface (344 of the reads showed a different MATERIAL) — refused (identity validation ON)
[film]   frame  13: running mean reprojected on 0.0% of surface pixels (0.0% of those to a moved texel), 0.0% restarted on disocclusion, 0 samples behind the mean
[restir] frame  13: 136350 surface pixels, reservoirs on 100.0% of them, mean M 9.5 (max M 13), shaded M 45.9, occluded selections 21.6%, 0 bad samples
[restir gi] frame  13: indirect pool on 40.2% of surface pixels, mean M 1.1, shaded M 11.6, occluded selections 26.8%
[restir] D10 identity: 241 film reads + 2251 DI merges + 73 GI merges agreed on normal+depth and belonged to a DIFFERENT surface (241 of the reads showed a different MATERIAL) — refused (identity validation ON)
[film]   frame  14: running mean reprojected on 0.0% of surface pixels (0.0% of those to a moved texel), 0.0% restarted on disocclusion, 0 samples behind the mean
[restir] frame  14: 136441 surface pixels, reservoirs on 100.0% of them, mean M 10.1 (max M 14), shaded M 48.5, occluded selections 21.5%, 0 bad samples
[restir gi] frame  14: indirect pool on 40.2% of surface pixels, mean M 1.1, shaded M 11.8, occluded selections 26.7%
[restir] D10 identity: 102 film reads + 2344 DI merges + 79 GI merges agreed on normal+depth and belonged to a DIFFERENT surface (102 of the reads showed a different MATERIAL) — refused (identity validation ON)
[film]   frame  15: running mean reprojected on 0.0% of surface pixels (0.0% of those to a moved texel), 0.0% restarted on disocclusion, 0 samples behind the mean
[restir] frame  15: 136191 surface pixels, reservoirs on 100.0% of them, mean M 10.6 (max M 15), shaded M 51.2, occluded selections 21.7%, 0 bad samples
[restir gi] frame  15: indirect pool on 40.6% of surface pixels, mean M 1.1, shaded M 11.8, occluded selections 26.7%
[restir] D10 identity: 163 film reads + 2498 DI merges + 86 GI merges agreed on normal+depth and belonged to a DIFFERENT surface (163 of the reads showed a different MATERIAL) — refused (identity validation ON)
[film]   frame  16: running mean reprojected on 0.0% of surface pixels (0.0% of those to a moved texel), 0.0% restarted on disocclusion, 0 samples behind the mean
[restir] frame  16: 136376 surface pixels, reservoirs on 100.0% of them, mean M 11.2 (max M 16), shaded M 53.7, occluded selections 21.5%, 0 bad samples
[restir gi] frame  16: indirect pool on 40.2% of surface pixels, mean M 1.1, shaded M 11.9, occluded selections 26.9%
[restir] D10 identity: 255 film reads + 2747 DI merges + 101 GI merges agreed on normal+depth and belonged to a DIFFERENT surface (255 of the reads showed a different MATERIAL) — refused (identity validation ON)
[restir gi] reasons: bad 18762 escape 1279027 emitter 140 unlit 0 unusable 4722 vertex 654776 noPHat 0
[restir gi] temporal: tried 352087, refused for a MISSING previous vertex record 26, merged 349443
[material-level] interface overlay: 0 film pixels composited (14 figures)
[material-level] unfiltered accumulated film -> /home/user/Frontier/Exhibits/Gallery/AutomotiveShowcase/ReSTIR/paint-copper-raw.png
[material-level] reservoirs: 100.0 % of surface pixels held one, mean M 11.2
[material-level] visibility reuse: 2180750 spatial-pass shadow rays skipped (the winner's stored test answered) — the A/B arm is --restir-final-visibility
[material-level] film: mean 0.1706, 0 non-finite/out-of-range samples
[material-level] wrote -> /home/user/Frontier/Exhibits/Gallery/AutomotiveShowcase/ReSTIR/paint-copper.png
