================================================================================
   PROJECT-ZERO — SHOWCASE, THE DEFAULT LEVEL, CPU RENDER OF THE VULKAN SCENE   
================================================================================
[material-level] interface panel: 14 figures composed (5 illuminant contributors), light rgb (0.141 0.012 0.048), 26% coverage, gain 120 — proxy quad and luminaire registered by the engine
[material-level] level: 405028 triangles, 415 material records (415 slabs), 4490 emissive triangles
[material-level] sky: sun hour 13.00, sun dir render (-0.496 0.868 0.012), fog clear
[material-level] sun pick: 0.950 power-proportional (was the fixed 0.5 coin)
[material-level] view 'paint-glitter-macro': eye (-14.99 22.20 0.60), pitch 0.0°, yaw 90.0°, FoV 40°, 384x384 @ 1 spp, 6 bounces, 16 frames, RESTIR DI (CPU mirror), à-trous
[material-level] estimator: the kernel's DI block on the CPU — RIS candidates, temporal + spatial reuse (25° / 10 % validation, 20× M-clamp, pairwise MIS), visibility re-trace; indirect from the same BSDF-sampled bounce.
[film]   frame   1: running mean reprojected on 0.0% of surface pixels (0.0% of those to a moved texel), 0.0% restarted on disocclusion, 0 samples behind the mean
[restir] frame   1: 147456 surface pixels, reservoirs on 100.0% of them, mean M 1.0 (max M 1), shaded M 5.0, occluded selections 100.0%, 0 bad samples
[restir gi] frame   1: indirect pool on 43.9% of surface pixels, mean M 0.4, shaded M 3.1, occluded selections 68.0%
[restir] D10 identity: 0 film reads + 0 DI merges + 0 GI merges agreed on normal+depth and belonged to a DIFFERENT surface (0 of the reads showed a different MATERIAL) — refused (identity validation ON)
[film]   frame   2: running mean reprojected on 0.0% of surface pixels (0.0% of those to a moved texel), 0.0% restarted on disocclusion, 0 samples behind the mean
[restir] frame   2: 147456 surface pixels, reservoirs on 100.0% of them, mean M 1.9 (max M 2), shaded M 9.7, occluded selections 100.0%, 0 bad samples
[restir gi] frame   2: indirect pool on 43.9% of surface pixels, mean M 0.6, shaded M 5.0, occluded selections 67.6%
[restir] D10 identity: 0 film reads + 0 DI merges + 0 GI merges agreed on normal+depth and belonged to a DIFFERENT surface (0 of the reads showed a different MATERIAL) — refused (identity validation ON)
[film]   frame   3: running mean reprojected on 0.0% of surface pixels (0.0% of those to a moved texel), 0.0% restarted on disocclusion, 0 samples behind the mean
[restir] frame   3: 147456 surface pixels, reservoirs on 100.0% of them, mean M 2.9 (max M 3), shaded M 14.1, occluded selections 100.0%, 0 bad samples
[restir gi] frame   3: indirect pool on 43.7% of surface pixels, mean M 0.8, shaded M 6.3, occluded selections 68.4%
[restir] D10 identity: 0 film reads + 0 DI merges + 0 GI merges agreed on normal+depth and belonged to a DIFFERENT surface (0 of the reads showed a different MATERIAL) — refused (identity validation ON)
[film]   frame   4: running mean reprojected on 0.0% of surface pixels (0.0% of those to a moved texel), 0.0% restarted on disocclusion, 0 samples behind the mean
[restir] frame   4: 147456 surface pixels, reservoirs on 100.0% of them, mean M 3.7 (max M 4), shaded M 18.4, occluded selections 100.0%, 0 bad samples
[restir gi] frame   4: indirect pool on 43.9% of surface pixels, mean M 0.9, shaded M 7.2, occluded selections 68.3%
[restir] D10 identity: 0 film reads + 0 DI merges + 0 GI merges agreed on normal+depth and belonged to a DIFFERENT surface (0 of the reads showed a different MATERIAL) — refused (identity validation ON)
[film]   frame   5: running mean reprojected on 0.0% of surface pixels (0.0% of those to a moved texel), 0.0% restarted on disocclusion, 0 samples behind the mean
[restir] frame   5: 147456 surface pixels, reservoirs on 100.0% of them, mean M 4.5 (max M 5), shaded M 22.5, occluded selections 100.0%, 0 bad samples
[restir gi] frame   5: indirect pool on 43.9% of surface pixels, mean M 0.9, shaded M 7.9, occluded selections 68.2%
[restir] D10 identity: 0 film reads + 0 DI merges + 0 GI merges agreed on normal+depth and belonged to a DIFFERENT surface (0 of the reads showed a different MATERIAL) — refused (identity validation ON)
[film]   frame   6: running mean reprojected on 0.0% of surface pixels (0.0% of those to a moved texel), 0.0% restarted on disocclusion, 0 samples behind the mean
[restir] frame   6: 147456 surface pixels, reservoirs on 100.0% of them, mean M 5.3 (max M 6), shaded M 26.3, occluded selections 100.0%, 0 bad samples
[restir gi] frame   6: indirect pool on 43.8% of surface pixels, mean M 1.0, shaded M 8.4, occluded selections 68.6%
[restir] D10 identity: 0 film reads + 0 DI merges + 0 GI merges agreed on normal+depth and belonged to a DIFFERENT surface (0 of the reads showed a different MATERIAL) — refused (identity validation ON)
[film]   frame   7: running mean reprojected on 0.0% of surface pixels (0.0% of those to a moved texel), 0.0% restarted on disocclusion, 0 samples behind the mean
[restir] frame   7: 147456 surface pixels, reservoirs on 100.0% of them, mean M 6.0 (max M 7), shaded M 30.0, occluded selections 100.0%, 0 bad samples
[restir gi] frame   7: indirect pool on 43.9% of surface pixels, mean M 1.0, shaded M 8.7, occluded selections 68.4%
[restir] D10 identity: 0 film reads + 0 DI merges + 0 GI merges agreed on normal+depth and belonged to a DIFFERENT surface (0 of the reads showed a different MATERIAL) — refused (identity validation ON)
[film]   frame   8: running mean reprojected on 0.0% of surface pixels (0.0% of those to a moved texel), 0.0% restarted on disocclusion, 0 samples behind the mean
[restir] frame   8: 147456 surface pixels, reservoirs on 100.0% of them, mean M 6.7 (max M 8), shaded M 33.4, occluded selections 100.0%, 0 bad samples
[restir gi] frame   8: indirect pool on 44.0% of surface pixels, mean M 1.0, shaded M 8.9, occluded selections 68.3%
[restir] D10 identity: 0 film reads + 0 DI merges + 0 GI merges agreed on normal+depth and belonged to a DIFFERENT surface (0 of the reads showed a different MATERIAL) — refused (identity validation ON)
[film]   frame   9: running mean reprojected on 0.0% of surface pixels (0.0% of those to a moved texel), 0.0% restarted on disocclusion, 0 samples behind the mean
[restir] frame   9: 147456 surface pixels, reservoirs on 100.0% of them, mean M 7.4 (max M 9), shaded M 36.8, occluded selections 100.0%, 0 bad samples
[restir gi] frame   9: indirect pool on 43.7% of surface pixels, mean M 1.1, shaded M 9.1, occluded selections 68.4%
[restir] D10 identity: 0 film reads + 0 DI merges + 0 GI merges agreed on normal+depth and belonged to a DIFFERENT surface (0 of the reads showed a different MATERIAL) — refused (identity validation ON)
[film]   frame  10: running mean reprojected on 0.0% of surface pixels (0.0% of those to a moved texel), 0.0% restarted on disocclusion, 0 samples behind the mean
[restir] frame  10: 147456 surface pixels, reservoirs on 100.0% of them, mean M 8.0 (max M 10), shaded M 39.9, occluded selections 100.0%, 0 bad samples
[restir gi] frame  10: indirect pool on 43.8% of surface pixels, mean M 1.1, shaded M 9.3, occluded selections 68.0%
[restir] D10 identity: 0 film reads + 0 DI merges + 0 GI merges agreed on normal+depth and belonged to a DIFFERENT surface (0 of the reads showed a different MATERIAL) — refused (identity validation ON)
[film]   frame  11: running mean reprojected on 0.0% of surface pixels (0.0% of those to a moved texel), 0.0% restarted on disocclusion, 0 samples behind the mean
[restir] frame  11: 147456 surface pixels, reservoirs on 100.0% of them, mean M 8.6 (max M 11), shaded M 42.9, occluded selections 100.0%, 0 bad samples
[restir gi] frame  11: indirect pool on 43.7% of surface pixels, mean M 1.1, shaded M 9.4, occluded selections 68.6%
[restir] D10 identity: 0 film reads + 0 DI merges + 0 GI merges agreed on normal+depth and belonged to a DIFFERENT surface (0 of the reads showed a different MATERIAL) — refused (identity validation ON)
[film]   frame  12: running mean reprojected on 0.0% of surface pixels (0.0% of those to a moved texel), 0.0% restarted on disocclusion, 0 samples behind the mean
[restir] frame  12: 147456 surface pixels, reservoirs on 100.0% of them, mean M 9.2 (max M 12), shaded M 45.7, occluded selections 100.0%, 0 bad samples
[restir gi] frame  12: indirect pool on 43.9% of surface pixels, mean M 1.1, shaded M 9.4, occluded selections 68.3%
[restir] D10 identity: 0 film reads + 0 DI merges + 0 GI merges agreed on normal+depth and belonged to a DIFFERENT surface (0 of the reads showed a different MATERIAL) — refused (identity validation ON)
[film]   frame  13: running mean reprojected on 0.0% of surface pixels (0.0% of those to a moved texel), 0.0% restarted on disocclusion, 0 samples behind the mean
[restir] frame  13: 147456 surface pixels, reservoirs on 100.0% of them, mean M 9.8 (max M 13), shaded M 48.5, occluded selections 100.0%, 0 bad samples
[restir gi] frame  13: indirect pool on 43.6% of surface pixels, mean M 1.1, shaded M 9.5, occluded selections 68.2%
[restir] D10 identity: 0 film reads + 0 DI merges + 0 GI merges agreed on normal+depth and belonged to a DIFFERENT surface (0 of the reads showed a different MATERIAL) — refused (identity validation ON)
[film]   frame  14: running mean reprojected on 0.0% of surface pixels (0.0% of those to a moved texel), 0.0% restarted on disocclusion, 0 samples behind the mean
[restir] frame  14: 147456 surface pixels, reservoirs on 100.0% of them, mean M 10.3 (max M 14), shaded M 51.0, occluded selections 100.0%, 0 bad samples
[restir gi] frame  14: indirect pool on 44.0% of surface pixels, mean M 1.1, shaded M 9.5, occluded selections 68.5%
[restir] D10 identity: 0 film reads + 0 DI merges + 0 GI merges agreed on normal+depth and belonged to a DIFFERENT surface (0 of the reads showed a different MATERIAL) — refused (identity validation ON)
[film]   frame  15: running mean reprojected on 0.0% of surface pixels (0.0% of those to a moved texel), 0.0% restarted on disocclusion, 0 samples behind the mean
[restir] frame  15: 147456 surface pixels, reservoirs on 100.0% of them, mean M 10.7 (max M 15), shaded M 53.3, occluded selections 100.0%, 0 bad samples
[restir gi] frame  15: indirect pool on 43.8% of surface pixels, mean M 1.1, shaded M 9.5, occluded selections 68.0%
[restir] D10 identity: 0 film reads + 0 DI merges + 0 GI merges agreed on normal+depth and belonged to a DIFFERENT surface (0 of the reads showed a different MATERIAL) — refused (identity validation ON)
[film]   frame  16: running mean reprojected on 0.0% of surface pixels (0.0% of those to a moved texel), 0.0% restarted on disocclusion, 0 samples behind the mean
[restir] frame  16: 147456 surface pixels, reservoirs on 100.0% of them, mean M 11.2 (max M 16), shaded M 55.7, occluded selections 100.0%, 0 bad samples
[restir gi] frame  16: indirect pool on 43.8% of surface pixels, mean M 1.1, shaded M 9.6, occluded selections 67.9%
[restir] D10 identity: 0 film reads + 0 DI merges + 0 GI merges agreed on normal+depth and belonged to a DIFFERENT surface (0 of the reads showed a different MATERIAL) — refused (identity validation ON)
[restir gi] reasons: bad 45 escape 1323473 emitter 0 unlit 0 unusable 1812 vertex 898209 noPHat 0
[restir gi] temporal: tried 450627, refused for a MISSING previous vertex record 0, merged 450627
[material-level] interface overlay: 0 film pixels composited (14 figures)
[material-level] unfiltered accumulated film -> /home/user/Frontier/Exhibits/Gallery/AutomotiveShowcase/ReSTIR/paint-glitter-macro-raw.png
[material-level] reservoirs: 100.0 % of surface pixels held one, mean M 11.2
[material-level] visibility reuse: 2359296 spatial-pass shadow rays skipped (the winner's stored test answered) — the A/B arm is --restir-final-visibility
[material-level] film: mean 0.0209, 0 non-finite/out-of-range samples
[material-level] wrote -> /home/user/Frontier/Exhibits/Gallery/AutomotiveShowcase/ReSTIR/paint-glitter-macro.png
