AcousticEditor DSP proof — 2026-09-07T00:33:43.661Z  rate 48000  cars Porsche918Spyder, FerrariLaFerrari, NissanGtrNismo, KoenigseggAgeraR, DodgeDemon

[Porsche918Spyder] Porsche 918 Spyder — 8 cylinders
  PASS  firing frequency @ 3000 rpm = 200.00 Hz (expected 200.00), -2.4 dBFS
  PASS  loudest order @ 3000 rpm = 4 at -2.4 dBFS, firing order 4 within 0.0 dB (limit 20)
  PASS  above 16 kHz: -73.6 dB re peak (limit −30)
  PASS  firing frequency @ 6000 rpm = 400.01 Hz (expected 400.00), -4.7 dBFS
  PASS  loudest order @ 6000 rpm = 1.5 at -2.5 dBFS, firing order 4 within 2.2 dB (limit 20)
  PASS  above 16 kHz: -66.1 dB re peak (limit −30)
  PASS  firing frequency @ 8500 rpm = 566.66 Hz (expected 566.67), -9.3 dBFS
  PASS  loudest order @ 8500 rpm = 4 at -9.3 dBFS, firing order 4 within 0.0 dB (limit 20)
  PASS  above 16 kHz: -43.7 dB re peak (limit −30)
  PASS  held-demand render identical across 1/37/64/256-frame slices (max |Δ| = 0)
  PASS  pull peak 1.000 (±1 clip holds, level useful > 0.3), rms -5.1 dBFS, clipped samples 100937 (14.0 %)
  PASS  transient slots never overflowed (dropped 0, spawned 143, firings 4792)
  PASS  overrun pops after lift: 143
  PASS  no NaN
  render 15 s in 2035 ms → 7.4× realtime (node)
  wrote Scratchpad/AcousticEditor_Porsche918Spyder_Pull.png  (Porsche 918 Spyder WOT pull)
  PASS  firing count 4792 vs ∫ rpm·N/120 dt ≈ 4792 (±3 %)
  PASS  idle audible (peak 1.000)

[FerrariLaFerrari] Ferrari LaFerrari — 12 cylinders
  PASS  firing frequency @ 3000 rpm = 299.99 Hz (expected 300.00), -20.2 dBFS
  PASS  loudest order @ 3000 rpm = 6 at -20.2 dBFS, firing order 6 within 0.0 dB (limit 20)
  PASS  above 16 kHz: -59.0 dB re peak (limit −30)
  PASS  firing frequency @ 6000 rpm = 600.01 Hz (expected 600.00), -19.5 dBFS
  PASS  loudest order @ 6000 rpm = 6 at -19.5 dBFS, firing order 6 within 0.0 dB (limit 20)
  PASS  above 16 kHz: -51.6 dB re peak (limit −30)
  PASS  firing frequency @ 8500 rpm = 850.00 Hz (expected 850.00), -20.5 dBFS
  PASS  loudest order @ 8500 rpm = 6 at -20.5 dBFS, firing order 6 within 0.0 dB (limit 20)
  PASS  above 16 kHz: -38.6 dB re peak (limit −30)
  PASS  held-demand render identical across 1/37/64/256-frame slices (max |Δ| = 0)
  PASS  pull peak 0.904 (±1 clip holds, level useful > 0.3), rms -16.0 dBFS, clipped samples 0 (0.0 %)
  PASS  transient slots never overflowed (dropped 0, spawned 6, firings 7253)
  PASS  overrun pops after lift: 6
  PASS  no NaN
  render 15 s in 553 ms → 27.1× realtime (node)
  wrote Scratchpad/AcousticEditor_FerrariLaFerrari_Pull.png  (Ferrari LaFerrari WOT pull)
  PASS  firing count 7253 vs ∫ rpm·N/120 dt ≈ 7254 (±3 %)
  PASS  idle audible (peak 0.036)
  PASS  idle 1081 rpm (L): loudest order = 6 (real clips: 6)
  PASS  idle structural half-orders ½ … 6½ (variance off) ≤ −40 dB re order 6 (worst -70.2; rev 2 left channel had 3½ at 0 dB)
  PASS  idle between-order floor with the cycle variance on: mean -41.6 / worst -27.8 dB re order 6 (real loops mean −36 … −42, worst −22; limits −36 / −25)
  PASS  idle order 3 = -27.2 dB re order 6 (target ≈ −35, limit −20; rev 2 was −16 … −18)
  PASS  idle orders 18 / 24 = -37.5 / -58.5 dB re order 6 (real −40 / −56; limits −30 / −40)
  PASS  idle centroid < 8 kHz = 129 Hz (real 107–179; limits 100–200)
  PASS  idle content above 300 Hz = -37.5 dB re the loudest line (real: nothing within 25 dB)
  PASS  idle lines within 26 dB below 1 kHz = 6 (real rev loop 10; limit 15)
  orders re 6: 1:-15 2:-11 3:-27 4:-20 5:-44 7:-39 8:-23 9:-34 10:-31 12:-18 18:-37 24:-58
  PASS  trackside pull: clipped 0, peak 0.90 (no clipping, peak > 0.3)
  PASS  trackside overrun: clipped 0, peak 0.92 (no clipping, peak > 0.3)
  PASS  trackside limiter: clipped 0, peak 0.91 (no clipping, peak > 0.3)
  PASS  cockpit pull: clipped 0, peak 0.56 (no clipping, peak > 0.3)
  PASS  cockpit overrun: clipped 0, peak 0.54 (no clipping, peak > 0.3)
  PASS  cockpit limiter: clipped 0, peak 0.57 (no clipping, peak > 0.3)

[NissanGtrNismo] Nissan GT-R Nismo — 6 cylinders
  PASS  firing frequency @ 3000 rpm = 149.99 Hz (expected 150.00), -8.6 dBFS
  PASS  loudest order @ 3000 rpm = 3 at -8.6 dBFS, firing order 3 within 0.0 dB (limit 20)
  PASS  above 16 kHz: -62.0 dB re peak (limit −30)
  PASS  firing frequency @ 6000 rpm = 299.99 Hz (expected 300.00), -7.3 dBFS
  PASS  loudest order @ 6000 rpm = 3 at -7.3 dBFS, firing order 3 within 0.0 dB (limit 20)
  PASS  above 16 kHz: -55.9 dB re peak (limit −30)
  PASS  firing frequency @ 6900 rpm = 345.00 Hz (expected 345.00), -23.8 dBFS
  PASS  loudest order @ 6900 rpm = 1 at -7.6 dBFS, firing order 3 within 16.2 dB (limit 20)
  PASS  above 16 kHz: -44.3 dB re peak (limit −30)
  PASS  held-demand render identical across 1/37/64/256-frame slices (max |Δ| = 0)
  PASS  pull peak 1.000 (±1 clip holds, level useful > 0.3), rms -5.0 dBFS, clipped samples 104858 (14.6 %)
  PASS  transient slots never overflowed (dropped 0, spawned 18, firings 2891)
  PASS  overrun pops after lift: 18
  PASS  no NaN
  render 15 s in 1815 ms → 8.3× realtime (node)
  wrote Scratchpad/AcousticEditor_NissanGtrNismo_Pull.png  (Nissan GT-R Nismo WOT pull)
  PASS  firing count 2891 vs ∫ rpm·N/120 dt ≈ 2891 (±3 %)
  PASS  idle audible (peak 1.000)

[KoenigseggAgeraR] Koenigsegg Agera R — 8 cylinders
  PASS  firing frequency @ 3000 rpm = 200.00 Hz (expected 200.00), -9.3 dBFS
  PASS  loudest order @ 3000 rpm = 2.5 at -8.0 dBFS, firing order 4 within 1.3 dB (limit 20)
  PASS  above 16 kHz: -60.3 dB re peak (limit −30)
  PASS  firing frequency @ 6000 rpm = 400.01 Hz (expected 400.00), -6.6 dBFS
  PASS  loudest order @ 6000 rpm = 4 at -6.6 dBFS, firing order 4 within 0.0 dB (limit 20)
  PASS  above 16 kHz: -61.2 dB re peak (limit −30)
  PASS  firing frequency @ 7300 rpm = 486.67 Hz (expected 486.67), -14.1 dBFS
  PASS  loudest order @ 7300 rpm = 0.5 at -13.8 dBFS, firing order 4 within 0.3 dB (limit 20)
  PASS  above 16 kHz: -45.7 dB re peak (limit −30)
  PASS  held-demand render identical across 1/37/64/256-frame slices (max |Δ| = 0)
  PASS  pull peak 1.000 (±1 clip holds, level useful > 0.3), rms -4.9 dBFS, clipped samples 114678 (15.9 %)
  PASS  transient slots never overflowed (dropped 0, spawned 45, firings 4031)
  PASS  overrun pops after lift: 42
  PASS  no NaN
  render 15 s in 2049 ms → 7.3× realtime (node)
  wrote Scratchpad/AcousticEditor_KoenigseggAgeraR_Pull.png  (Koenigsegg Agera R WOT pull)
  PASS  firing count 4031 vs ∫ rpm·N/120 dt ≈ 4031 (±3 %)
  PASS  idle audible (peak 1.000)

[DodgeDemon] Dodge Challenger SRT Demon — 8 cylinders
  PASS  firing frequency @ 3000 rpm = 200.00 Hz (expected 200.00), -5.7 dBFS
  PASS  loudest order @ 3000 rpm = 1.5 at -5.0 dBFS, firing order 4 within 0.7 dB (limit 20)
  PASS  above 16 kHz: -80.4 dB re peak (limit −30)
  PASS  firing frequency @ 6000 rpm = 400.01 Hz (expected 400.00), -15.8 dBFS
  PASS  loudest order @ 6000 rpm = 1.5 at -10.0 dBFS, firing order 4 within 5.8 dB (limit 20)
  PASS  above 16 kHz: -62.4 dB re peak (limit −30)
  PASS  firing frequency @ 6300 rpm = 420.01 Hz (expected 420.00), -17.5 dBFS
  PASS  loudest order @ 6300 rpm = 1.5 at -10.2 dBFS, firing order 4 within 7.3 dB (limit 20)
  PASS  above 16 kHz: -72.1 dB re peak (limit −30)
  PASS  held-demand render identical across 1/37/64/256-frame slices (max |Δ| = 0)
  PASS  pull peak 1.000 (±1 clip holds, level useful > 0.3), rms -5.0 dBFS, clipped samples 88684 (12.3 %)
  PASS  transient slots never overflowed (dropped 0, spawned 17, firings 3555)
  PASS  overrun pops after lift: 16
  PASS  no NaN
  render 15 s in 1966 ms → 7.6× realtime (node)
  wrote Scratchpad/AcousticEditor_DodgeDemon_Pull.png  (Dodge Challenger SRT Demon WOT pull)
  PASS  firing count 3555 vs ∫ rpm·N/120 dt ≈ 3555 (±3 %)
  PASS  idle audible (peak 1.000)

ALL PASS — 94 pass, 0 fail
