AcousticLaFerrariReference — 2026-09-05T21:55:56.407Z — real LaFerrari loops vs rev-2 synth (Tools/AudioEditor/index.html)
reference dir /home/user/Frontier/Scratchpad/LaFerrariReference

[idle loop] 3672 samples @ 22050 Hz = 166.53 ms · rms -7.9 dBFS
  line lattice 6.005 Hz; loudest line -10.6 dBFS at 180.1 Hz
  lines within 26 dB of the top [Hz:dB]: 36:-19 72:-16 96:-24 102:-22 108:0 114:-24 120:-19 126:-4 138:-14 150:-17 156:-15 168:-25 174:-19 180:0 186:-20 192:-20 198:-16 204:-20 210:-24 216:-15 240:-23 246:-22 252:-15 270:-23 276:-25 288:-20 396:-26 552:-25
  circular ACF at loop/k: k=2 (83.3 ms) 0.59 · k=3 (55.5 ms) 0.89 · k=4 (41.6 ms) -0.72 · k=6 (27.8 ms) 0.59 · k=9 (18.5 ms) 0.13 · k=12 (13.9 ms) -0.70 · k=18 (9.3 ms) 0.28  → the sound's own period is where r ≈ 0.9; under R2 that lag is one crank revolution (idle: 55.5 ms; rev: 27.7 ms), under R1 it is 240° / 120° — no engine period
  harmonic-series test (share of the line energy within 30 dB of the top on each candidate fundamental): 6.0 Hz → 100 % · 12.0 Hz → 81 % · 18.0 Hz → 93 % · 24.0 Hz → 4 % · 30.0 Hz → 39 % · 36.0 Hz → 78 % · 42.0 Hz → 15 % · 48.0 Hz → 1 %
  shortest lag with r ≥ 0.8: 55.51 ms → as one firing of a V12: crank 3.0 Hz (below the lattice — impossible) · as one revolution: crank 18.0 Hz → lattice line 18.0 Hz, series share 93 %
  reading R1 (loop = one 720° cycle, the project's cutting rule): crank 12.01 Hz = 721 rpm → loudest line = order 15.0
  reading R2 (ACF period + series test, the engine reading):     crank 18.01 Hz = 1081 rpm → loudest line = order 10.0
  orders under R1 (721 rpm), integer, re top: 1:-51 2:-45 3:-18 4:-36 5:-33 6:-17 7:-45 8:-27 9:0 10:-19 11:-26 12:-30 13:-17 14:-26 15:-1 16:-21 18:-16 20:-25 21:-16 24:-21
                                   half:            0.5:-46 1.5:-43 2.5:-46 3.5:-44 4.5:-35 5.5:-44 6.5:-35 7.5:-32 8.5:-22 9.5:-36 10.5:-4 11.5:-15 12.5:-18 13.5:-28   (on the loop lattice → a real measurement; per-line 8-bit floor ≈ -72 dB re top)
  orders under R2 (1081 rpm), integer, re top: 1:-43 2:-18 3:-35 4:-17 5:-32 6:0 7:-4 8:-30 9:-28 10:-1 11:-15 12:-16 13:-30 14:-16 15:-22 16:-21 18:-29 20:-29 21:-48 24:-30
                                   half:            0.5:-90 1.5:-84 2.5:-79 3.5:-74 4.5:-79 5.5:-62 6.5:-61 7.5:-56 8.5:-65 9.5:-59 10.5:-62 11.5:-63 12.5:-73 13.5:-69   (OFF the loop lattice under this reading → a seamless loop cannot hold them; these are Hann skirts, not evidence — use the R1 row and the start clip for half-orders)
  bands re 20–200 Hz [200–500 500–1k 1k–2k 2k–4k 4k–8k]: -14 -22 -22 -24 -26 dB · 20–200 band 0.1 dBFS · centroid < 8 kHz 179 Hz · 8-bit floor per band ≈ −54 … −66 dBFS, so these bands are recorded signal (≥ 10 dB above the floor), not the medium
  line density: 28 lattice lines within 26 dB of the top below 1 kHz, highest of them 552 Hz

[rev loop] 3662 samples @ 22050 Hz = 166.08 ms · rms -6.1 dBFS
  line lattice 6.021 Hz; loudest line -4.0 dBFS at 108.4 Hz
  lines within 26 dB of the top [Hz:dB]: 12:-24 24:-25 36:-13 96:-26 102:-23 108:0 114:-12 120:-19 126:-20 145:-15
  circular ACF at loop/k: k=2 (83.0 ms) 0.86 · k=3 (55.4 ms) 0.88 · k=4 (41.5 ms) -0.83 · k=6 (27.7 ms) 0.91 · k=9 (18.5 ms) 0.82 · k=12 (13.8 ms) -0.89 · k=18 (9.2 ms) 0.85  → the sound's own period is where r ≈ 0.9; under R2 that lag is one crank revolution (idle: 55.5 ms; rev: 27.7 ms), under R1 it is 240° / 120° — no engine period
  harmonic-series test (share of the line energy within 30 dB of the top on each candidate fundamental): 6.0 Hz → 100 % · 12.0 Hz → 93 % · 18.1 Hz → 92 % · 24.1 Hz → 5 % · 30.1 Hz → 1 % · 36.1 Hz → 91 % · 42.1 Hz → 1 % · 48.2 Hz → 3 %
  shortest lag with r ≥ 0.8: 9.07 ms → as one firing of a V12: crank 18.4 Hz → lattice line 18.1 Hz, series share 92 % · as one revolution: crank 110.3 Hz → lattice line 108.4 Hz, series share 0 %
  reading R1 (loop = one 720° cycle, the project's cutting rule): crank 12.04 Hz = 723 rpm → loudest line = order 9.0
  reading R2 (ACF period + series test, the engine reading):     crank 18.06 Hz = 1084 rpm → loudest line = order 6.0
  orders under R1 (723 rpm), integer, re top: 1:-24 2:-24 3:-13 4:-31 5:-41 6:-24 7:-31 8:-27 9:0 10:-18 11:-26 12:-15 13:-29 14:-40 15:-35 16:-49 18:-32 20:-43 21:-34 24:-51
                                   half:            0.5:-46 1.5:-27 2.5:-33 3.5:-41 4.5:-34 5.5:-32 6.5:-40 7.5:-33 8.5:-23 9.5:-12 10.5:-19 11.5:-33 12.5:-33 13.5:-33   (on the loop lattice → a real measurement; per-line 8-bit floor ≈ -79 dB re top)
  orders under R2 (1084 rpm), integer, re top: 1:-27 2:-13 3:-34 4:-24 5:-33 6:0 7:-19 8:-15 9:-33 10:-35 11:-34 12:-32 13:-38 14:-34 15:-41 16:-51 18:-40 20:-45 21:-42 24:-56
                                   half:            0.5:-66 1.5:-67 2.5:-73 3.5:-75 4.5:-71 5.5:-66 6.5:-57 7.5:-68 8.5:-70 9.5:-80 10.5:-80 11.5:-78 12.5:-81 13.5:-84   (OFF the loop lattice under this reading → a seamless loop cannot hold them; these are Hann skirts, not evidence — use the R1 row and the start clip for half-orders)
  bands re 20–200 Hz [200–500 500–1k 1k–2k 2k–4k 4k–8k]: -26 -35 -44 -48 -46 dB · 20–200 band 2.1 dBFS · centroid < 8 kHz 107 Hz · 8-bit floor per band ≈ −54 … −66 dBFS, so these bands are recorded signal (≥ 10 dB above the floor), not the medium
  line density: 10 lattice lines within 26 dB of the top below 1 kHz, highest of them 145 Hz

[start clip, settled 1.3–2.5 s] bands re 20–200 Hz [200–500 500–1k 1k–2k 2k–4k 4k–8k]: -17 -23 -23 -25 -27 dB · centroid < 8 kHz 160 Hz · 36 peaks within 26 dB of the top below 1 kHz (highest 336 Hz; the pitch glides 136 → 118 Hz in this window so lines smear)

[rev-2 synth] LaFerrari at 721 rpm (idle-loop reading R1), full chain, L+R
  load 0       L+R  integer orders re top: 1:-30 2:-38 3:-14 4:-37 5:-17 6:0 7:-32 8:-35 9:-31 10:-20 11:-31 12:-17 13:-32 14:-33 15:-33 16:-36 18:-25 20:-25 21:-34 24:-6
                    half orders re top:    0.5:-38 1.5:-34 2.5:-38 3.5:-39 4.5:-25 5.5:-20 6.5:-25 7.5:-33 8.5:-35 9.5:-25
               left integer orders re top: 1:-30 2:-36 3:-13 4:-29 5:-15 6:0 7:-32 8:-29 9:-23 10:-23 11:-29 12:-17 13:-33 14:-30 15:-22 16:-34 18:-26 20:-21 21:-30 24:-6
                    half orders re top:    0.5:-17 1.5:-13 2.5:-5 3.5:-6 4.5:-8 5.5:-15 6.5:-19 7.5:-19 8.5:-7 9.5:-2   ← what one ear / one speaker gets
               bands re 20–200 Hz: 5 -14 -20 -22 -11 dB · centroid < 8 kHz 384 Hz · 37 peaks within 26 dB of the top below 1 kHz (highest 772 Hz)
  load 1       L+R  integer orders re top: 1:-26 2:-33 3:-18 4:-32 5:-26 6:-3 7:-29 8:-33 9:-26 10:-23 11:-28 12:-20 13:-32 14:-30 15:-27 16:-31 18:-25 20:-33 21:-36 24:-4
                    half orders re top:    0.5:-34 1.5:-38 2.5:-35 3.5:-37 4.5:-33 5.5:-27 6.5:-32 7.5:-41 8.5:-36 9.5:-30
               left integer orders re top: 1:-24 2:-28 3:-17 4:-31 5:-26 6:-3 7:-29 8:-33 9:-24 10:-16 11:-29 12:-20 13:-33 14:-32 15:-24 16:-31 18:-25 20:-28 21:-34 24:-4
                    half orders re top:    0.5:-23 1.5:-14 2.5:-9 3.5:-10 4.5:-10 5.5:-21 6.5:-20 7.5:-19 8.5:-9 9.5:-2   ← what one ear / one speaker gets
               bands re 20–200 Hz: 6 -11 -12 -12 -4 dB · centroid < 8 kHz 767 Hz · 30 peaks within 26 dB of the top below 1 kHz (highest 723 Hz)
  pure load 1  L+R  integer orders re top: 1:-45 2:-47 3:-16 4:-43 5:-34 6:-1 7:-45 8:-44 9:-28 10:-30 11:-48 12:-7 13:-46 14:-40 15:-31 16:-46 18:-11 20:-39 21:-29 24:-2
                    half orders re top:    0.5:-42 1.5:-47 2.5:-44 3.5:-44 4.5:-39 5.5:-42 6.5:-48 7.5:-44 8.5:-41 9.5:-33
               left integer orders re top: 1:-44 2:-45 3:-19 4:-43 5:-32 6:-4 7:-44 8:-43 9:-31 10:-30 11:-45 12:-9 13:-45 14:-39 15:-30 16:-45 18:-13 20:-40 21:-32 24:-4
                    half orders re top:    0.5:-19 1.5:-21 2.5:-12 3.5:-11 4.5:-13 5.5:-19 6.5:-19 7.5:-20 8.5:-8 9.5:0   ← what one ear / one speaker gets
               bands re 20–200 Hz: 3 -11 -21 -29 -39 dB · centroid < 8 kHz 256 Hz · 13 peaks within 26 dB of the top below 1 kHz (highest 792 Hz)

[rev-2 synth] LaFerrari at 1081 rpm (idle-loop reading R2), full chain, L+R
  load 0       L+R  integer orders re top: 1:-23 2:-31 3:-16 4:-28 5:-28 6:0 7:-29 8:-33 9:-34 10:-31 11:-33 12:-25 13:-35 14:-38 15:-36 16:-31 18:-10 20:-22 21:-35 24:-11
                    half orders re top:    0.5:-36 1.5:-44 2.5:-41 3.5:-34 4.5:-34 5.5:-31 6.5:-19 7.5:-38 8.5:-48 9.5:-40
               left integer orders re top: 1:-27 2:-33 3:-18 4:-31 5:-31 6:-3 7:-33 8:-37 9:-37 10:-34 11:-35 12:-28 13:-35 14:-40 15:-38 16:-32 18:-13 20:-18 21:-33 24:-14
                    half orders re top:    0.5:-18 1.5:-18 2.5:-11 3.5:0 4.5:-20 5.5:-25 6.5:-16 7.5:-30 8.5:-30 9.5:-23   ← what one ear / one speaker gets
               bands re 20–200 Hz: -3 -15 -22 -24 -13 dB · centroid < 8 kHz 403 Hz · 25 peaks within 26 dB of the top below 1 kHz (highest 541 Hz)
  load 1       L+R  integer orders re top: 1:-17 2:-24 3:-22 4:-21 5:-23 6:0 7:-23 8:-27 9:-31 10:-29 11:-25 12:-29 13:-30 14:-34 15:-34 16:-26 18:-12 20:-22 21:-31 24:-10
                    half orders re top:    0.5:-29 1.5:-37 2.5:-36 3.5:-35 4.5:-38 5.5:-37 6.5:-25 7.5:-40 8.5:-48 9.5:-44
               left integer orders re top: 1:-21 2:-26 3:-23 4:-22 5:-25 6:-3 7:-25 8:-29 9:-35 10:-34 11:-28 12:-31 13:-33 14:-32 15:-37 16:-28 18:-15 20:-20 21:-30 24:-14
                    half orders re top:    0.5:-23 1.5:-19 2.5:-16 3.5:0 4.5:-20 5.5:-30 6.5:-16 7.5:-39 8.5:-25 9.5:-26   ← what one ear / one speaker gets
               bands re 20–200 Hz: -3 -13 -15 -14 -7 dB · centroid < 8 kHz 976 Hz · 28 peaks within 26 dB of the top below 1 kHz (highest 542 Hz)
  pure load 1  L+R  integer orders re top: 1:-52 2:-47 3:-23 4:-44 5:-51 6:0 7:-48 8:-55 9:-25 10:-33 11:-60 12:-15 13:-45 14:-51 15:-32 16:-47 18:-12 20:-42 21:-39 24:-9
                    half orders re top:    0.5:-49 1.5:-56 2.5:-50 3.5:-41 4.5:-54 5.5:-47 6.5:-37 7.5:-58 8.5:-55 9.5:-46
               left integer orders re top: 1:-50 2:-47 3:-23 4:-45 5:-47 6:0 7:-43 8:-55 9:-25 10:-33 11:-56 12:-15 13:-44 14:-52 15:-32 16:-48 18:-12 20:-42 21:-39 24:-9
                    half orders re top:    0.5:-20 1.5:-22 2.5:-12 3.5:-2 4.5:-19 5.5:-21 6.5:-11 7.5:-24 8.5:-17 9.5:-8   ← what one ear / one speaker gets
               bands re 20–200 Hz: -7 -8 -27 -35 -44 dB · centroid < 8 kHz 199 Hz · 8 peaks within 26 dB of the top below 1 kHz (highest 648 Hz)

[distance] real loops vs rev-2 under the same crank reading (mean |Δ| over integer orders 1–14, each sheet re its own top; half-order means where the loop can hold them)
  R1 721 rpm · real idle vs rev-2 load 0 : mean |Δ| integer orders L+R 11.3 / left 11.1 dB · half-orders (on-lattice) real -42 dB vs synth L+R -31 / left -12 dB · bands real -14/-22/-22/-24/-26
  R1 721 rpm · real idle vs rev-2 load 1 : mean |Δ| integer orders L+R 10.5 / left 11.2 dB · half-orders (on-lattice) real -42 dB vs synth L+R -34 / left -15 dB · bands real -14/-22/-22/-24/-26
  R1 721 rpm · real rev  vs rev-2 load 0 : mean |Δ| integer orders L+R 9.5 / left 8.6 dB · half-orders (on-lattice) real -36 dB vs synth L+R -31 / left -12 dB · bands real -26/-35/-44/-48/-46
  R1 721 rpm · real rev  vs rev-2 load 1 : mean |Δ| integer orders L+R 7.9 / left 7.2 dB · half-orders (on-lattice) real -36 dB vs synth L+R -34 / left -15 dB · bands real -26/-35/-44/-48/-46
  R2 1081 rpm · real idle vs rev-2 load 0 : mean |Δ| integer orders L+R 13.3 / left 14.6 dB · half-orders: real off-lattice under R2 (none by construction) vs synth L+R -34 / left -16 dB mean (left 3½ at 0) · bands real -14/-22/-22/-24/-26
  R2 1081 rpm · real idle vs rev-2 load 1 : mean |Δ| integer orders L+R 10.9 / left 11.8 dB · half-orders: real off-lattice under R2 (none by construction) vs synth L+R -34 / left -18 dB mean (left 3½ at 0) · bands real -14/-22/-22/-24/-26
  R2 1081 rpm · real rev  vs rev-2 load 0 : mean |Δ| integer orders L+R 7.0 / left 7.5 dB · half-orders: real off-lattice under R2 (none by construction) vs synth L+R -34 / left -16 dB mean (left 3½ at 0) · bands real -26/-35/-44/-48/-46
  R2 1081 rpm · real rev  vs rev-2 load 1 : mean |Δ| integer orders L+R 6.5 / left 5.7 dB · half-orders: real off-lattice under R2 (none by construction) vs synth L+R -34 / left -18 dB mean (left 3½ at 0) · bands real -26/-35/-44/-48/-46

[start clip] 2.53 s — best harmonic-comb fundamental per 100 ms (8–60 Hz, k = 1 … 24) and the loudest harmonic
  t=0.0 f0=50.4 loud k=1 (50 Hz) rms -17
  t=0.1 f0=23.8 loud k=5 (119 Hz) rms -17
  t=0.2 f0=49.0 loud k=1 (49 Hz) rms -17
  t=0.3 f0=49.3 loud k=1 (49 Hz) rms -18
  t=0.4 f0=24.9 loud k=2 (50 Hz) rms -15
  t=0.5 f0=34.8 loud k=4 (139 Hz) rms -10
  t=0.6 f0=59.9 loud k=2 (120 Hz) rms -8
  t=0.7 f0=57.6 loud k=2 (115 Hz) rms -8
  t=0.8 f0=45.0 loud k=3 (135 Hz) rms -9
  t=0.9 f0=36.5 loud k=4 (146 Hz) rms -10
  t=1.0 f0=36.4 loud k=4 (146 Hz) rms -10
  t=1.1 f0=46.4 loud k=3 (139 Hz) rms -9
  t=1.2 f0=44.7 loud k=3 (134 Hz) rms -8
  t=1.3 f0=52.2 loud k=3 (157 Hz) rms -8
  t=1.4 f0=47.3 loud k=3 (142 Hz) rms -7
  t=1.5 f0=47.2 loud k=3 (142 Hz) rms -7
  t=1.6 f0=45.6 loud k=3 (137 Hz) rms -7
  t=1.7 f0=44.5 loud k=3 (134 Hz) rms -8
  t=1.8 f0=44.2 loud k=3 (133 Hz) rms -8
  t=1.9 f0=42.6 loud k=3 (128 Hz) rms -7
  t=2.0 f0=41.6 loud k=3 (125 Hz) rms -7
  t=2.1 f0=59.6 loud k=2 (119 Hz) rms -7
  t=2.2 f0=58.9 loud k=2 (118 Hz) rms -7
  t=2.3 f0=59.5 loud k=2 (119 Hz) rms -7
  peak ladders per 0.4 s window (ratio to the loudest line : dB) — integer/simple ratios = one crank series, no half-orders:
    t=0.05–0.45 s loudest 116 Hz (1157 rpm if order 6, 2315 if order 3): 0.23:-8 0.26:-9 0.32:-9 0.44:-1 0.54:-17 0.67:-22 0.73:-18 0.81:-18 0.93:-9 1.00:0 1.11:-9 1.22:-5 1.31:-11 1.35:-13 1.42:-18 1.50:-15 1.55:-11 1.64:-17 1.72:-11 1.76:-20 1.85:-20 1.94:-21 2.02:-17 2.07:-20 2.12:-22 2.20:-21 2.27:-18 2.34:-24 2.59:-24 2.70:-24 2.86:-23 2.94:-20 3.00:-20 3.38:-22 3.57:-23 3.60:-21 3.84:-23 3.87:-22 3.93:-21 4.02:-21 4.18:-22 4.22:-24 4.29:-23 4.48:-22 4.73:-18 4.95:-21 5.09:-23 6.04:-24
    t=0.55–0.95 s loudest 132 Hz (1319 rpm if order 6, 2638 if order 3): 0.17:-24 0.24:-19 0.31:-21 0.36:-18 0.43:-22 0.47:-22 0.52:-19 0.60:-19 0.68:-18 0.73:-15 0.79:-14 0.84:-10 0.89:-2 0.95:-3 1.00:0 1.05:-1 1.10:-4 1.15:-5 1.24:-8 1.29:-7 1.35:-9 1.40:-8 1.46:-9 1.52:-10 1.58:-23 1.62:-17 1.67:-15 1.72:-17 1.83:-22 1.88:-24 1.97:-19 2.01:-18 2.05:-17 2.08:-21 2.12:-16 2.16:-18 2.20:-18 2.30:-16 2.43:-23 2.60:-23 3.02:-21 3.29:-21 3.55:-23 3.71:-24 3.76:-20 4.10:-22 4.15:-16 4.23:-20 4.29:-22 4.35:-23 4.61:-22 4.96:-24
    t=0.80–1.20 s loudest 145 Hz (1453 rpm if order 6, 2907 if order 3): 0.25:-23 0.50:-16 0.77:-23 0.82:-12 0.89:-12 0.95:-7 1.00:0 1.05:-20 1.07:-21 1.20:-11 1.26:-13 1.30:-12 1.36:-16 1.40:-16 1.46:-10 1.50:-2 1.59:-18 1.71:-14 1.78:-23 1.82:-16 1.88:-22 2.00:-10 2.08:-23 2.20:-22 2.76:-23 2.83:-20 2.88:-20 2.96:-17 3.03:-21 3.72:-21 3.81:-22 3.91:-22
    t=1.10–1.50 s loudest 136 Hz (1359 rpm if order 6, 2719 if order 3): 0.23:-23 0.38:-23 0.44:-22 0.76:-16 0.84:-13 1.00:0 1.05:-15 1.08:-17 1.12:-8 1.17:-8 1.30:-4 1.40:-8 1.46:-22 1.50:-12 1.53:-12 1.58:-11 1.65:-23 1.74:-23 1.80:-21 1.84:-19 1.96:-15 2.04:-21 2.12:-20 2.15:-21 3.47:-22 3.98:-17 4.02:-20 4.06:-24
    t=1.50–1.90 s loudest 136 Hz (1359 rpm if order 6, 2719 if order 3): 0.34:-22 0.67:-19 1.00:0 1.15:-21 1.24:-22 1.38:-21 1.64:-23
    t=1.90–2.30 s loudest 125 Hz (1252 rpm if order 6, 2503 if order 3): 1.00:0 1.56:-23
    t=2.10–2.50 s loudest 118 Hz (1184 rpm if order 6, 2369 if order 3): 1.00:0 1.07:-15 1.11:-22 1.33:-21
  ridge tracker, 0.2 s windows, peaks 60–320 Hz within 22 dB of the loudest [Hz:dB]:
    t=0.5 70:-12 85:-11 108:-2 136:0 166:-12 180:-6 194:-7 206:-9 223:-10 239:-11 261:-13 279:-12 306:-20
    t=0.6 65:-19 102:-12 118:-3 130:0 144:-6 154:-13 171:-12 188:-6 221:-13 239:-21 267:-20 281:-21 300:-18
    t=0.7 69:-18 79:-17 98:-15 119:0 132:-1 140:-3 150:0 166:-3 179:-8 201:-8 215:-15 229:-15 261:-14 279:-13 286:-13 303:-16
    t=0.8 69:-14 94:-19 114:-13 137:0 149:-7 158:-22 172:-13 183:-12 197:-7 206:-6 247:-19 255:-19 267:-10 283:-16 293:-19 302:-19
    t=0.9 73:-17 120:-10 135:-11 145:0 157:-20 174:-9 187:-9 200:-17 219:-2 248:-16 265:-21 290:-9 318:-20
    t=1.0 73:-19 117:-18 134:-20 145:0 168:-19 180:-9 188:-13 200:-17 208:-16 219:0 249:-12 263:-16 274:-20 291:-9
    t=1.1 70:-22 118:-15 139:0 155:-16 172:-17 185:-13 210:-5 248:-14 265:-20 277:-15 289:-17
    t=1.2 102:-19 136:0 152:-17 160:-14 178:-2 202:-15 213:-12 253:-22 266:-13
    t=1.3 107:-10 125:-18 135:-9 155:0 173:-8 183:-16 193:-17 208:-16 235:-21 289:-20
    t=1.4 93:-21 139:0 158:-14 172:-19
    t=1.5 95:-19 131:-15 141:0 169:-20 186:-21
    t=1.6 89:-22 137:0
    t=1.7 89:-21 133:0 207:-21 221:-19
    t=1.8 131:0 219:-21
    t=1.9 127:0 140:-21 199:-21 212:-21
    t=2.0 125:0 207:-22
    t=2.1 121:0
    t=2.2 119:0 131:-20 157:-21
    t=2.3 117:0 132:-21 141:-20 157:-21
  reading: 0–0.5 s cranking (compression thuds 26–37 Hz, 50 Hz hum, starter whine 1–2 kHz); catch at ≈ 0.5 s with the loudest line at 108–136 Hz; flare to 145–155 Hz at 0.9–1.3 s; then a smooth glide 141 → 117 Hz from 1.5 to 2.3 s (≈ −30 Hz/s = −300 rpm/s read as order 6), still falling toward the 108 Hz of the loops when the clip ends.
  companions that glide with it: 1/2 × (−16 dB at the flare — order 3 if the loudest is order 6), 3/2 × (−2 … −12 dB during 0.9–1.2 s, then gone — order 9) and 2 × (−10 — order 12); a weak 2/3 × line (−19 … −22 dB — order 4) that no firing train makes: mechanical or ancillary, flagged. From 1.5 s on the sound is one line with everything else ≥ 19 dB down.
  lines that stay put while the loudest glides = fixed ridges: ≈ 172–188 Hz (−2 … −17 dB from 0.8 to 1.3 s) and ≈ 207–223 Hz (present from the catch to 2.0 s at −5 … −22 dB, peaking at −2 … 0 dB when the 3/2 line sweeps through it at 0.9–1.0 s). Nothing within 25 dB above 300 Hz after the catch; the dense ladders in the fast-glide windows are smear of the same few lines.

wrote Scratchpad/AcousticLaFerrari_RealVsRev2.png
